Archive member included to satisfy reference by file (symbol)

d:/stm32/stm32cubeide_1.7.0/stm32cubeide/plugins/com.st.stm32cube.ide.mcu.externaltools.gnu-tools-for-stm32.9-2020-q2-update.win32_2.0.0.202105311346/tools/bin/../lib/gcc/arm-none-eabi/9.3.1/../../../../arm-none-eabi/lib/thumb/v7-m/nofp\libc_nano.a(lib_a-errno.o)
                              ./Core/Src/syscalls.o (__errno)
d:/stm32/stm32cubeide_1.7.0/stm32cubeide/plugins/com.st.stm32cube.ide.mcu.externaltools.gnu-tools-for-stm32.9-2020-q2-update.win32_2.0.0.202105311346/tools/bin/../lib/gcc/arm-none-eabi/9.3.1/../../../../arm-none-eabi/lib/thumb/v7-m/nofp\libc_nano.a(lib_a-exit.o)
                              d:/stm32/stm32cubeide_1.7.0/stm32cubeide/plugins/com.st.stm32cube.ide.mcu.externaltools.gnu-tools-for-stm32.9-2020-q2-update.win32_2.0.0.202105311346/tools/bin/../lib/gcc/arm-none-eabi/9.3.1/../../../../arm-none-eabi/lib/thumb/v7-m/nofp/crt0.o (exit)
d:/stm32/stm32cubeide_1.7.0/stm32cubeide/plugins/com.st.stm32cube.ide.mcu.externaltools.gnu-tools-for-stm32.9-2020-q2-update.win32_2.0.0.202105311346/tools/bin/../lib/gcc/arm-none-eabi/9.3.1/../../../../arm-none-eabi/lib/thumb/v7-m/nofp\libc_nano.a(lib_a-impure.o)
                              d:/stm32/stm32cubeide_1.7.0/stm32cubeide/plugins/com.st.stm32cube.ide.mcu.externaltools.gnu-tools-for-stm32.9-2020-q2-update.win32_2.0.0.202105311346/tools/bin/../lib/gcc/arm-none-eabi/9.3.1/../../../../arm-none-eabi/lib/thumb/v7-m/nofp\libc_nano.a(lib_a-exit.o) (_global_impure_ptr)
d:/stm32/stm32cubeide_1.7.0/stm32cubeide/plugins/com.st.stm32cube.ide.mcu.externaltools.gnu-tools-for-stm32.9-2020-q2-update.win32_2.0.0.202105311346/tools/bin/../lib/gcc/arm-none-eabi/9.3.1/../../../../arm-none-eabi/lib/thumb/v7-m/nofp\libc_nano.a(lib_a-init.o)
                              d:/stm32/stm32cubeide_1.7.0/stm32cubeide/plugins/com.st.stm32cube.ide.mcu.externaltools.gnu-tools-for-stm32.9-2020-q2-update.win32_2.0.0.202105311346/tools/bin/../lib/gcc/arm-none-eabi/9.3.1/../../../../arm-none-eabi/lib/thumb/v7-m/nofp/crt0.o (__libc_init_array)
d:/stm32/stm32cubeide_1.7.0/stm32cubeide/plugins/com.st.stm32cube.ide.mcu.externaltools.gnu-tools-for-stm32.9-2020-q2-update.win32_2.0.0.202105311346/tools/bin/../lib/gcc/arm-none-eabi/9.3.1/../../../../arm-none-eabi/lib/thumb/v7-m/nofp\libc_nano.a(lib_a-memset.o)
                              d:/stm32/stm32cubeide_1.7.0/stm32cubeide/plugins/com.st.stm32cube.ide.mcu.externaltools.gnu-tools-for-stm32.9-2020-q2-update.win32_2.0.0.202105311346/tools/bin/../lib/gcc/arm-none-eabi/9.3.1/../../../../arm-none-eabi/lib/thumb/v7-m/nofp/crt0.o (memset)
d:/stm32/stm32cubeide_1.7.0/stm32cubeide/plugins/com.st.stm32cube.ide.mcu.externaltools.gnu-tools-for-stm32.9-2020-q2-update.win32_2.0.0.202105311346/tools/bin/../lib/gcc/arm-none-eabi/9.3.1/../../../../arm-none-eabi/lib/thumb/v7-m/nofp\libc_nano.a(lib_a-printf.o)
                              ./Core/Src/fsm_manual.o (printf)
d:/stm32/stm32cubeide_1.7.0/stm32cubeide/plugins/com.st.stm32cube.ide.mcu.externaltools.gnu-tools-for-stm32.9-2020-q2-update.win32_2.0.0.202105311346/tools/bin/../lib/gcc/arm-none-eabi/9.3.1/../../../../arm-none-eabi/lib/thumb/v7-m/nofp\libc_nano.a(lib_a-findfp.o)
                              d:/stm32/stm32cubeide_1.7.0/stm32cubeide/plugins/com.st.stm32cube.ide.mcu.externaltools.gnu-tools-for-stm32.9-2020-q2-update.win32_2.0.0.202105311346/tools/bin/../lib/gcc/arm-none-eabi/9.3.1/../../../../arm-none-eabi/lib/thumb/v7-m/nofp\libc_nano.a(lib_a-printf.o) (__sinit)
d:/stm32/stm32cubeide_1.7.0/stm32cubeide/plugins/com.st.stm32cube.ide.mcu.externaltools.gnu-tools-for-stm32.9-2020-q2-update.win32_2.0.0.202105311346/tools/bin/../lib/gcc/arm-none-eabi/9.3.1/../../../../arm-none-eabi/lib/thumb/v7-m/nofp\libc_nano.a(lib_a-fwalk.o)
                              d:/stm32/stm32cubeide_1.7.0/stm32cubeide/plugins/com.st.stm32cube.ide.mcu.externaltools.gnu-tools-for-stm32.9-2020-q2-update.win32_2.0.0.202105311346/tools/bin/../lib/gcc/arm-none-eabi/9.3.1/../../../../arm-none-eabi/lib/thumb/v7-m/nofp\libc_nano.a(lib_a-findfp.o) (_fwalk)
d:/stm32/stm32cubeide_1.7.0/stm32cubeide/plugins/com.st.stm32cube.ide.mcu.externaltools.gnu-tools-for-stm32.9-2020-q2-update.win32_2.0.0.202105311346/tools/bin/../lib/gcc/arm-none-eabi/9.3.1/../../../../arm-none-eabi/lib/thumb/v7-m/nofp\libc_nano.a(lib_a-lock.o)
                              d:/stm32/stm32cubeide_1.7.0/stm32cubeide/plugins/com.st.stm32cube.ide.mcu.externaltools.gnu-tools-for-stm32.9-2020-q2-update.win32_2.0.0.202105311346/tools/bin/../lib/gcc/arm-none-eabi/9.3.1/../../../../arm-none-eabi/lib/thumb/v7-m/nofp\libc_nano.a(lib_a-findfp.o) (__retarget_lock_init_recursive)
d:/stm32/stm32cubeide_1.7.0/stm32cubeide/plugins/com.st.stm32cube.ide.mcu.externaltools.gnu-tools-for-stm32.9-2020-q2-update.win32_2.0.0.202105311346/tools/bin/../lib/gcc/arm-none-eabi/9.3.1/../../../../arm-none-eabi/lib/thumb/v7-m/nofp\libc_nano.a(lib_a-nano-mallocr.o)
[...]
Memory Configuration

Name             Origin             Length             Attributes
RAM              0x0000000020000000 0x0000000000005000 xrw
FLASH            0x0000000008000000 0x0000000000020000 xr
*default*        0x0000000000000000 0xffffffffffffffff

Linker script and memory map

LOAD d:/stm32/stm32cubeide_1.7.0/stm32cubeide/plugins/com.st.stm32cube.ide.mcu.externaltools.gnu-tools-for-stm32.9-2020-q2-update.win32_2.0.0.202105311346/tools/bin/../lib/gcc/arm-none-eabi/9.3.1/thumb/v7-m/nofp/crti.o
LOAD d:/stm32/stm32cubeide_1.7.0/stm32cubeide/plugins/com.st.stm32cube.ide.mcu.externaltools.gnu-tools-for-stm32.9-2020-q2-update.win32_2.0.0.202105311346/tools/bin/../lib/gcc/arm-none-eabi/9.3.1/thumb/v7-m/nofp/crtbegin.o
LOAD d:/stm32/stm32cubeide_1.7.0/stm32cubeide/plugins/com.st.stm32cube.ide.mcu.externaltools.gnu-tools-for-stm32.9-2020-q2-update.win32_2.0.0.202105311346/tools/bin/../lib/gcc/arm-none-eabi/9.3.1/../../../../arm-none-eabi/lib/thumb/v7-m/nofp/crt0.o
LOAD ./Core/Src/button.o
LOAD ./Core/Src/fsm_automatic.o
LOAD ./Core/Src/fsm_manual.o
LOAD ./Core/Src/global.o
LOAD ./Core/Src/main.o
LOAD ./Core/Src/software_timer.o
LOAD ./Core/Src/stm32f1xx_hal_msp.o
LOAD ./Core/Src/stm32f1xx_it.o
LOAD ./Core/Src/syscalls.o
LOAD ./Core/Src/sysmem.o
LOAD ./Core/Src/system_stm32f1xx.o
LOAD ./Core/Startup/startup_stm32f103rbtx.o
LOAD ./Drivers/STM32F1xx_HAL_Driver/Src/stm32f1xx_hal.o
LOAD ./Drivers/STM32F1xx_HAL_Driver/Src/stm32f1xx_hal_cortex.o
LOAD ./Drivers/STM32F1xx_HAL_Driver/Src/stm32f1xx_hal_dma.o
LOAD ./Drivers/STM32F1xx_HAL_Driver/Src/stm32f1xx_hal_exti.o
LOAD ./Drivers/STM32F1xx_HAL_Driver/Src/stm32f1xx_hal_flash.o
LOAD ./Drivers/STM32F1xx_HAL_Driver/Src/stm32f1xx_hal_flash_ex.o
LOAD ./Drivers/STM32F1xx_HAL_Driver/Src/stm32f1xx_hal_gpio.o
LOAD ./Drivers/STM32F1xx_HAL_Driver/Src/stm32f1xx_hal_gpio_ex.o
LOAD ./Drivers/STM32F1xx_HAL_Driver/Src/stm32f1xx_hal_pwr.o
LOAD ./Drivers/STM32F1xx_HAL_Driver/Src/stm32f1xx_hal_rcc.o
LOAD ./Drivers/STM32F1xx_HAL_Driver/Src/stm32f1xx_hal_rcc_ex.o
LOAD ./Drivers/STM32F1xx_HAL_Driver/Src/stm32f1xx_hal_tim.o
LOAD ./Drivers/STM32F1xx_HAL_Driver/Src/stm32f1xx_hal_tim_ex.o
LOAD ./Drivers/STM32F1xx_HAL_Driver/Src/stm32f1xx_hal_uart.o
START GROUP
LOAD d:/stm32/stm32cubeide_1.7.0/stm32cubeide/plugins/com.st.stm32cube.ide.mcu.externaltools.gnu-tools-for-stm32.9-2020-q2-update.win32_2.0.0.202105311346/tools/bin/../lib/gcc/arm-none-eabi/9.3.1/../../../../arm-none-eabi/lib/thumb/v7-m/nofp\libc_nano.a
LOAD d:/stm32/stm32cubeide_1.7.0/stm32cubeide/plugins/com.st.stm32cube.ide.mcu.externaltools.gnu-tools-for-stm32.9-2020-q2-update.win32_2.0.0.202105311346/tools/bin/../lib/gcc/arm-none-eabi/9.3.1/../../../../arm-none-eabi/lib/thumb/v7-m/nofp\libm.a
END GROUP
START GROUP
LOAD d:/stm32/stm32cubeide_1.7.0/stm32cubeide/plugins/com.st.stm32cube.ide.mcu.externaltools.gnu-tools-for-stm32.9-2020-q2-update.win32_2.0.0.202105311346/tools/bin/../lib/gcc/arm-none-eabi/9.3.1/thumb/v7-m/nofp\libgcc.a
LOAD d:/stm32/stm32cubeide_1.7.0/stm32cubeide/plugins/com.st.stm32cube.ide.mcu.externaltools.gnu-tools-for-stm32.9-2020-q2-update.win32_2.0.0.202105311346/tools/bin/../lib/gcc/arm-none-eabi/9.3.1/../../../../arm-none-eabi/lib/thumb/v7-m/nofp\libc_nano.a
END GROUP
START GROUP
LOAD d:/stm32/stm32cubeide_1.7.0/stm32cubeide/plugins/com.st.stm32cube.ide.mcu.externaltools.gnu-tools-for-stm32.9-2020-q2-update.win32_2.0.0.202105311346/tools/bin/../lib/gcc/arm-none-eabi/9.3.1/thumb/v7-m/nofp\libgcc.a
LOAD d:/stm32/stm32cubeide_1.7.0/stm32cubeide/plugins/com.st.stm32cube.ide.mcu.externaltools.gnu-tools-for-stm32.9-2020-q2-update.win32_2.0.0.202105311346/tools/bin/../lib/gcc/arm-none-eabi/9.3.1/../../../../arm-none-eabi/lib/thumb/v7-m/nofp\libc_nano.a
LOAD d:/stm32/stm32cubeide_1.7.0/stm32cubeide/plugins/com.st.stm32cube.ide.mcu.externaltools.gnu-tools-for-stm32.9-2020-q2-update.win32_2.0.0.202105311346/tools/bin/../lib/gcc/arm-none-eabi/9.3.1/../../../../arm-none-eabi/lib/thumb/v7-m/nofp\libnosys.a
END GROUP
START GROUP
LOAD d:/stm32/stm32cubeide_1.7.0/stm32cubeide/plugins/com.st.stm32cube.ide.mcu.externaltools.gnu-tools-for-stm32.9-2020-q2-update.win32_2.0.0.202105311346/tools/bin/../lib/gcc/arm-none-eabi/9.3.1/thumb/v7-m/nofp\libgcc.a
LOAD d:/stm32/stm32cubeide_1.7.0/stm32cubeide/plugins/com.st.stm32cube.ide.mcu.externaltools.gnu-tools-for-stm32.9-2020-q2-update.win32_2.0.0.202105311346/tools/bin/../lib/gcc/arm-none-eabi/9.3.1/../../../../arm-none-eabi/lib/thumb/v7-m/nofp\libc_nano.a
LOAD d:/stm32/stm32cubeide_1.7.0/stm32cubeide/plugins/com.st.stm32cube.ide.mcu.externaltools.gnu-tools-for-stm32.9-2020-q2-update.win32_2.0.0.202105311346/tools/bin/../lib/gcc/arm-none-eabi/9.3.1/../../../../arm-none-eabi/lib/thumb/v7-m/nofp\libnosys.a
END GROUP
LOAD d:/stm32/stm32cubeide_1.7.0/stm32cubeide/plugins/com.st.stm32cube.ide.mcu.externaltools.gnu-tools-for-stm32.9-2020-q2-update.win32_2.0.0.202105311346/tools/bin/../lib/gcc/arm-none-eabi/9.3.1/thumb/v7-m/nofp/crtend.o
LOAD d:/stm32/stm32cubeide_1.7.0/stm32cubeide/plugins/com.st.stm32cube.ide.mcu.externaltools.gnu-tools-for-stm32.9-2020-q2-update.win32_2.0.0.202105311346/tools/bin/../lib/gcc/arm-none-eabi/9.3.1/thumb/v7-m/nofp/crtn.o
                0x0000000020005000                _estack = (ORIGIN (RAM) + LENGTH (RAM))
                0x0000000000000200                _Min_Heap_Size = 0x200
                0x0000000000000400                _Min_Stack_Size = 0x400

.isr_vector     0x0000000008000000      0x10c
                0x0000000008000000                . = ALIGN (0x4)
 *(.isr_vector)
 .isr_vector    0x0000000008000000      0x10c ./Core/Startup/startup_stm32f103rbtx.o
                0x0000000008000000                g_pfnVectors
                0x000000000800010c                . = ALIGN (0x4)

.text           0x000000000800010c     0x415c
                0x000000000800010c                . = ALIGN (0x4)
 *(.text)
 .text          0x000000000800010c       0x40 d:/stm32/stm32cubeide_1.7.0/stm32cubeide/plugins/com.st.stm32cube.ide.mcu.externaltools.gnu-tools-for-stm32.9-2020-q2-update.win32_2.0.0.202105311346/tools/bin/../lib/gcc/arm-none-eabi/9.3.1/thumb/v7-m/nofp/crtbegin.o
 *(.text*)
 .text.isButtonPressed
                0x000000000800014c       0x34 ./Core/Src/button.o
                0x000000000800014c                isButtonPressed
 .text.subKeyProcess
                0x0000000008000180       0x20 ./Core/Src/button.o
                0x0000000008000180                subKeyProcess
 .text.getKeyInput
                0x00000000080001a0      0x120 ./Core/Src/button.o
                0x00000000080001a0                getKeyInput
 .text.fsm_automatic_run
                0x00000000080002c0      0x42c ./Core/Src/fsm_automatic.o
                0x00000000080002c0                fsm_automatic_run
 .text.initializeDurationClones
                0x00000000080006ec       0x3c ./Core/Src/fsm_manual.o
                0x00000000080006ec                initializeDurationClones
 .text.fsm_manual_run
                0x0000000008000728      0x2f4 ./Core/Src/fsm_manual.o
                0x0000000008000728                fsm_manual_run
 .text.__io_putchar
                0x0000000008000a1c       0x24 ./Core/Src/global.o
                0x0000000008000a1c                __io_putchar
 .text.countDown
                0x0000000008000a40       0x44 ./Core/Src/global.o
                0x0000000008000a40                countDown
 .text.setInitialValue
                0x0000000008000a84       0x48 ./Core/Src/global.o
                0x0000000008000a84                setInitialValue
 .text.setHorizontalLeds
                0x0000000008000acc       0x8c ./Core/Src/global.o
                0x0000000008000acc                setHorizontalLeds
 .text.setVerticalLeds
                0x0000000008000b58       0x98 ./Core/Src/global.o
                0x0000000008000b58                setVerticalLeds
 .text.setPedesLeds
                0x0000000008000bf0       0xa0 ./Core/Src/global.o
                0x0000000008000bf0                setPedesLeds
 .text.HAL_TIM_PeriodElapsedCallback
                0x0000000008000c90       0x4a ./Core/Src/main.o
                0x0000000008000c90                HAL_TIM_PeriodElapsedCallback
 .text.main     0x0000000008000cda       0x26 ./Core/Src/main.o
                0x0000000008000cda                main
 .text.SystemClock_Config
                0x0000000008000d00       0x82 ./Core/Src/main.o
                0x0000000008000d00                SystemClock_Config
 *fill*         0x0000000008000d82        0x2 
 .text.MX_TIM2_Init
                0x0000000008000d84       0x98 ./Core/Src/main.o
 .text.MX_TIM3_Init
                0x0000000008000e1c       0xec ./Core/Src/main.o
 .text.MX_USART2_UART_Init
                0x0000000008000f08       0x54 ./Core/Src/main.o
 .text.MX_GPIO_Init
                0x0000000008000f5c       0xdc ./Core/Src/main.o
 .text.Error_Handler
                0x0000000008001038        0xa ./Core/Src/main.o
                0x0000000008001038                Error_Handler
 *fill*         0x0000000008001042        0x2 
 .text.setTimer
                0x0000000008001044       0x30 ./Core/Src/software_timer.o
                0x0000000008001044                setTimer
 .text.timerRun
                0x0000000008001074       0x50 ./Core/Src/software_timer.o
                0x0000000008001074                timerRun
 .text.HAL_MspInit
                0x00000000080010c4       0x64 ./Core/Src/stm32f1xx_hal_msp.o
                0x00000000080010c4                HAL_MspInit
 .text.HAL_TIM_Base_MspInit
                0x0000000008001128       0x70 ./Core/Src/stm32f1xx_hal_msp.o
                0x0000000008001128                HAL_TIM_Base_MspInit
 .text.HAL_TIM_MspPostInit
                0x0000000008001198       0x64 ./Core/Src/stm32f1xx_hal_msp.o
                0x0000000008001198                HAL_TIM_MspPostInit
 .text.HAL_UART_MspInit
                0x00000000080011fc       0x94 ./Core/Src/stm32f1xx_hal_msp.o
                0x00000000080011fc                HAL_UART_MspInit
 .text.NMI_Handler
                0x0000000008001290        0x6 ./Core/Src/stm32f1xx_it.o
                0x0000000008001290                NMI_Handler
 .text.HardFault_Handler
                0x0000000008001296        0x6 ./Core/Src/stm32f1xx_it.o
                0x0000000008001296                HardFault_Handler
 .text.MemManage_Handler
                0x000000000800129c        0x6 ./Core/Src/stm32f1xx_it.o
                0x000000000800129c                MemManage_Handler
 .text.BusFault_Handler
                0x00000000080012a2        0x6 ./Core/Src/stm32f1xx_it.o
                0x00000000080012a2                BusFault_Handler
 .text.UsageFault_Handler
                0x00000000080012a8        0x6 ./Core/Src/stm32f1xx_it.o
                0x00000000080012a8                UsageFault_Handler
 .text.SVC_Handler
                0x00000000080012ae        0xc ./Core/Src/stm32f1xx_it.o
                0x00000000080012ae                SVC_Handler
 .text.DebugMon_Handler
                0x00000000080012ba        0xc ./Core/Src/stm32f1xx_it.o
                0x00000000080012ba                DebugMon_Handler
 .text.PendSV_Handler
                0x00000000080012c6        0xc ./Core/Src/stm32f1xx_it.o
                0x00000000080012c6                PendSV_Handler
 .text.SysTick_Handler
                0x00000000080012d2        0xc ./Core/Src/stm32f1xx_it.o
                0x00000000080012d2                SysTick_Handler
 *fill*         0x00000000080012de        0x2 
 .text.TIM2_IRQHandler
                0x00000000080012e0       0x14 ./Core/Src/stm32f1xx_it.o
                0x00000000080012e0                TIM2_IRQHandler
 .text._read    0x00000000080012f4       0x3a ./Core/Src/syscalls.o
                0x00000000080012f4                _read
 .text._write   0x000000000800132e       0x38 ./Core/Src/syscalls.o
                0x000000000800132e                _write
 .text._close   0x0000000008001366       0x16 ./Core/Src/syscalls.o
                0x0000000008001366                _close
 .text._fstat   0x000000000800137c       0x1e ./Core/Src/syscalls.o
                0x000000000800137c                _fstat
 .text._isatty  0x000000000800139a       0x14 ./Core/Src/syscalls.o
                0x000000000800139a                _isatty
 .text._lseek   0x00000000080013ae       0x18 ./Core/Src/syscalls.o
                0x00000000080013ae                _lseek
 *fill*         0x00000000080013c6        0x2 
 .text._sbrk    0x00000000080013c8       0x6c ./Core/Src/sysmem.o
                0x00000000080013c8                _sbrk
 .text.SystemInit
                0x0000000008001434        0xc ./Core/Src/system_stm32f1xx.o
                0x0000000008001434                SystemInit
 .text.Reset_Handler
                0x0000000008001440       0x48 ./Core/Startup/startup_stm32f103rbtx.o
                0x0000000008001440                Reset_Handler
 .text.Default_Handler
                0x0000000008001488        0x2 ./Core/Startup/startup_stm32f103rbtx.o
                0x0000000008001488                RTC_Alarm_IRQHandler
                0x0000000008001488                EXTI2_IRQHandler
                0x0000000008001488                TIM1_CC_IRQHandler
                0x0000000008001488                PVD_IRQHandler
                0x0000000008001488                EXTI3_IRQHandler
                0x0000000008001488                EXTI0_IRQHandler
                0x0000000008001488                I2C2_EV_IRQHandler
                0x0000000008001488                ADC1_2_IRQHandler
                0x0000000008001488                SPI1_IRQHandler
                0x0000000008001488                TAMPER_IRQHandler
                0x0000000008001488                DMA1_Channel4_IRQHandler
                0x0000000008001488                USART3_IRQHandler
                0x0000000008001488                RTC_IRQHandler
                0x0000000008001488                DMA1_Channel7_IRQHandler
                0x0000000008001488                CAN1_RX1_IRQHandler
                0x0000000008001488                TIM4_IRQHandler
                0x0000000008001488                I2C1_EV_IRQHandler
                0x0000000008001488                DMA1_Channel6_IRQHandler
                0x0000000008001488                TIM3_IRQHandler
                0x0000000008001488                RCC_IRQHandler
                0x0000000008001488                TIM1_TRG_COM_IRQHandler
                0x0000000008001488                DMA1_Channel1_IRQHandler
                0x0000000008001488                Default_Handler
                0x0000000008001488                EXTI15_10_IRQHandler
                0x0000000008001488                EXTI9_5_IRQHandler
                0x0000000008001488                SPI2_IRQHandler
                0x0000000008001488                DMA1_Channel5_IRQHandler
                0x0000000008001488                EXTI4_IRQHandler
                0x0000000008001488                USB_LP_CAN1_RX0_IRQHandler
                0x0000000008001488                USB_HP_CAN1_TX_IRQHandler
                0x0000000008001488                DMA1_Channel3_IRQHandler
                0x0000000008001488                TIM1_UP_IRQHandler
                0x0000000008001488                WWDG_IRQHandler
                0x0000000008001488                TIM1_BRK_IRQHandler
                0x0000000008001488                EXTI1_IRQHandler
                0x0000000008001488                USART2_IRQHandler
                0x0000000008001488                I2C2_ER_IRQHandler
                0x0000000008001488                DMA1_Channel2_IRQHandler
                0x0000000008001488                CAN1_SCE_IRQHandler
                0x0000000008001488                FLASH_IRQHandler
                0x0000000008001488                USART1_IRQHandler
                0x0000000008001488                I2C1_ER_IRQHandler
                0x0000000008001488                USBWakeUp_IRQHandler
 *fill*         0x000000000800148a        0x2 
 .text.HAL_Init
                0x000000000800148c       0x2c ./Drivers/STM32F1xx_HAL_Driver/Src/stm32f1xx_hal.o
                0x000000000800148c                HAL_Init
 .text.HAL_InitTick
                0x00000000080014b8       0x60 ./Drivers/STM32F1xx_HAL_Driver/Src/stm32f1xx_hal.o
                0x00000000080014b8                HAL_InitTick
 .text.HAL_IncTick
                0x0000000008001518       0x24 ./Drivers/STM32F1xx_HAL_Driver/Src/stm32f1xx_hal.o
                0x0000000008001518                HAL_IncTick
 .text.HAL_GetTick
                0x000000000800153c       0x14 ./Drivers/STM32F1xx_HAL_Driver/Src/stm32f1xx_hal.o
                0x000000000800153c                HAL_GetTick
 .text.__NVIC_SetPriorityGrouping
                0x0000000008001550       0x48 ./Drivers/STM32F1xx_HAL_Driver/Src/stm32f1xx_hal_cortex.o
 .text.__NVIC_GetPriorityGrouping
                0x0000000008001598       0x1c ./Drivers/STM32F1xx_HAL_Driver/Src/stm32f1xx_hal_cortex.o
 .text.__NVIC_EnableIRQ
                0x00000000080015b4       0x38 ./Drivers/STM32F1xx_HAL_Driver/Src/stm32f1xx_hal_cortex.o
 .text.__NVIC_SetPriority
                0x00000000080015ec       0x54 ./Drivers/STM32F1xx_HAL_Driver/Src/stm32f1xx_hal_cortex.o
 .text.NVIC_EncodePriority
                0x0000000008001640       0x64 ./Drivers/STM32F1xx_HAL_Driver/Src/stm32f1xx_hal_cortex.o
 .text.SysTick_Config
                0x00000000080016a4       0x44 ./Drivers/STM32F1xx_HAL_Driver/Src/stm32f1xx_hal_cortex.o
 .text.HAL_NVIC_SetPriorityGrouping
                0x00000000080016e8       0x16 ./Drivers/STM32F1xx_HAL_Driver/Src/stm32f1xx_hal_cortex.o
                0x00000000080016e8                HAL_NVIC_SetPriorityGrouping
 .text.HAL_NVIC_SetPriority
                0x00000000080016fe       0x38 ./Drivers/STM32F1xx_HAL_Driver/Src/stm32f1xx_hal_cortex.o
                0x00000000080016fe                HAL_NVIC_SetPriority
 .text.HAL_NVIC_EnableIRQ
                0x0000000008001736       0x1c ./Drivers/STM32F1xx_HAL_Driver/Src/stm32f1xx_hal_cortex.o
                0x0000000008001736                HAL_NVIC_EnableIRQ
 .text.HAL_SYSTICK_Config
                0x0000000008001752       0x18 ./Drivers/STM32F1xx_HAL_Driver/Src/stm32f1xx_hal_cortex.o
                0x0000000008001752                HAL_SYSTICK_Config
 *fill*         0x000000000800176a        0x2 
 .text.HAL_GPIO_Init
                0x000000000800176c      0x308 ./Drivers/STM32F1xx_HAL_Driver/Src/stm32f1xx_hal_gpio.o
                0x000000000800176c                HAL_GPIO_Init
 .text.HAL_GPIO_ReadPin
                0x0000000008001a74       0x2e ./Drivers/STM32F1xx_HAL_Driver/Src/stm32f1xx_hal_gpio.o
                0x0000000008001a74                HAL_GPIO_ReadPin
 .text.HAL_GPIO_WritePin
                0x0000000008001aa2       0x30 ./Drivers/STM32F1xx_HAL_Driver/Src/stm32f1xx_hal_gpio.o
                0x0000000008001aa2                HAL_GPIO_WritePin
 *fill*         0x0000000008001ad2        0x2 
 .text.HAL_RCC_OscConfig
                0x0000000008001ad4      0x500 ./Drivers/STM32F1xx_HAL_Driver/Src/stm32f1xx_hal_rcc.o
                0x0000000008001ad4                HAL_RCC_OscConfig
 .text.HAL_RCC_ClockConfig
                0x0000000008001fd4      0x1d4 ./Drivers/STM32F1xx_HAL_Driver/Src/stm32f1xx_hal_rcc.o
                0x0000000008001fd4                HAL_RCC_ClockConfig
 .text.HAL_RCC_GetSysClockFreq
                0x00000000080021a8       0xa8 ./Drivers/STM32F1xx_HAL_Driver/Src/stm32f1xx_hal_rcc.o
                0x00000000080021a8                HAL_RCC_GetSysClockFreq
 .text.HAL_RCC_GetHCLKFreq
                0x0000000008002250       0x14 ./Drivers/STM32F1xx_HAL_Driver/Src/stm32f1xx_hal_rcc.o
                0x0000000008002250                HAL_RCC_GetHCLKFreq
 .text.HAL_RCC_GetPCLK1Freq
                0x0000000008002264       0x28 ./Drivers/STM32F1xx_HAL_Driver/Src/stm32f1xx_hal_rcc.o
                0x0000000008002264                HAL_RCC_GetPCLK1Freq
 .text.HAL_RCC_GetPCLK2Freq
                0x000000000800228c       0x28 ./Drivers/STM32F1xx_HAL_Driver/Src/stm32f1xx_hal_rcc.o
                0x000000000800228c                HAL_RCC_GetPCLK2Freq
 .text.RCC_Delay
                0x00000000080022b4       0x3c ./Drivers/STM32F1xx_HAL_Driver/Src/stm32f1xx_hal_rcc.o
 .text.HAL_TIM_Base_Init
                0x00000000080022f0       0x9e ./Drivers/STM32F1xx_HAL_Driver/Src/stm32f1xx_hal_tim.o
                0x00000000080022f0                HAL_TIM_Base_Init
 .text.HAL_TIM_PWM_Init
                0x000000000800238e       0x9e ./Drivers/STM32F1xx_HAL_Driver/Src/stm32f1xx_hal_tim.o
                0x000000000800238e                HAL_TIM_PWM_Init
 .text.HAL_TIM_PWM_MspInit
                0x000000000800242c       0x12 ./Drivers/STM32F1xx_HAL_Driver/Src/stm32f1xx_hal_tim.o
                0x000000000800242c                HAL_TIM_PWM_MspInit
 .text.HAL_TIM_IRQHandler
                0x000000000800243e      0x210 ./Drivers/STM32F1xx_HAL_Driver/Src/stm32f1xx_hal_tim.o
                0x000000000800243e                HAL_TIM_IRQHandler
 *fill*         0x000000000800264e        0x2 
 .text.HAL_TIM_PWM_ConfigChannel
                0x0000000008002650      0x184 ./Drivers/STM32F1xx_HAL_Driver/Src/stm32f1xx_hal_tim.o
                0x0000000008002650                HAL_TIM_PWM_ConfigChannel
 .text.HAL_TIM_ConfigClockSource
                0x00000000080027d4      0x18e ./Drivers/STM32F1xx_HAL_Driver/Src/stm32f1xx_hal_tim.o
                0x00000000080027d4                HAL_TIM_ConfigClockSource
 .text.HAL_TIM_OC_DelayElapsedCallback
                0x0000000008002962       0x12 ./Drivers/STM32F1xx_HAL_Driver/Src/stm32f1xx_hal_tim.o
                0x0000000008002962                HAL_TIM_OC_DelayElapsedCallback
 .text.HAL_TIM_IC_CaptureCallback
                0x0000000008002974       0x12 ./Drivers/STM32F1xx_HAL_Driver/Src/stm32f1xx_hal_tim.o
                0x0000000008002974                HAL_TIM_IC_CaptureCallback
 .text.HAL_TIM_PWM_PulseFinishedCallback
                0x0000000008002986       0x12 ./Drivers/STM32F1xx_HAL_Driver/Src/stm32f1xx_hal_tim.o
                0x0000000008002986                HAL_TIM_PWM_PulseFinishedCallback
 .text.HAL_TIM_TriggerCallback
                0x0000000008002998       0x12 ./Drivers/STM32F1xx_HAL_Driver/Src/stm32f1xx_hal_tim.o
                0x0000000008002998                HAL_TIM_TriggerCallback
 *fill*         0x00000000080029aa        0x2 
 .text.TIM_Base_SetConfig
                0x00000000080029ac       0xc4 ./Drivers/STM32F1xx_HAL_Driver/Src/stm32f1xx_hal_tim.o
                0x00000000080029ac                TIM_Base_SetConfig
 .text.TIM_OC1_SetConfig
                0x0000000008002a70       0xcc ./Drivers/STM32F1xx_HAL_Driver/Src/stm32f1xx_hal_tim.o
 .text.TIM_OC2_SetConfig
                0x0000000008002b3c       0xd4 ./Drivers/STM32F1xx_HAL_Driver/Src/stm32f1xx_hal_tim.o
                0x0000000008002b3c                TIM_OC2_SetConfig
 .text.TIM_OC3_SetConfig
                0x0000000008002c10       0xd4 ./Drivers/STM32F1xx_HAL_Driver/Src/stm32f1xx_hal_tim.o
 .text.TIM_OC4_SetConfig
                0x0000000008002ce4       0x9c ./Drivers/STM32F1xx_HAL_Driver/Src/stm32f1xx_hal_tim.o
 .text.TIM_TI1_ConfigInputStage
                0x0000000008002d80       0x5c ./Drivers/STM32F1xx_HAL_Driver/Src/stm32f1xx_hal_tim.o
 .text.TIM_TI2_ConfigInputStage
                0x0000000008002ddc       0x5e ./Drivers/STM32F1xx_HAL_Driver/Src/stm32f1xx_hal_tim.o
 .text.TIM_ITRx_SetConfig
                0x0000000008002e3a       0x34 ./Drivers/STM32F1xx_HAL_Driver/Src/stm32f1xx_hal_tim.o
 .text.TIM_ETR_SetConfig
                0x0000000008002e6e       0x3e ./Drivers/STM32F1xx_HAL_Driver/Src/stm32f1xx_hal_tim.o
                0x0000000008002e6e                TIM_ETR_SetConfig
 .text.HAL_TIMEx_MasterConfigSynchronization
                0x0000000008002eac       0xbc ./Drivers/STM32F1xx_HAL_Driver/Src/stm32f1xx_hal_tim_ex.o
                0x0000000008002eac                HAL_TIMEx_MasterConfigSynchronization
 .text.HAL_TIMEx_CommutCallback
                0x0000000008002f68       0x12 ./Drivers/STM32F1xx_HAL_Driver/Src/stm32f1xx_hal_tim_ex.o
                0x0000000008002f68                HAL_TIMEx_CommutCallback
 .text.HAL_TIMEx_BreakCallback
                0x0000000008002f7a       0x12 ./Drivers/STM32F1xx_HAL_Driver/Src/stm32f1xx_hal_tim_ex.o
                0x0000000008002f7a                HAL_TIMEx_BreakCallback
 .text.HAL_UART_Init
                0x0000000008002f8c       0xa0 ./Drivers/STM32F1xx_HAL_Driver/Src/stm32f1xx_hal_uart.o
                0x0000000008002f8c                HAL_UART_Init
 .text.HAL_UART_Transmit
                0x000000000800302c      0x106 ./Drivers/STM32F1xx_HAL_Driver/Src/stm32f1xx_hal_uart.o
                0x000000000800302c                HAL_UART_Transmit
 .text.UART_WaitOnFlagUntilTimeout
                0x0000000008003132       0xdc ./Drivers/STM32F1xx_HAL_Driver/Src/stm32f1xx_hal_uart.o
 *fill*         0x000000000800320e        0x2 
 .text.UART_SetConfig
                0x0000000008003210      0x11c ./Drivers/STM32F1xx_HAL_Driver/Src/stm32f1xx_hal_uart.o
 .text.__errno  0x000000000800332c        0xc d:/stm32/stm32cubeide_1.7.0/stm32cubeide/plugins/com.st.stm32cube.ide.mcu.externaltools.gnu-tools-for-stm32.9-2020-q2-update.win32_2.0.0.202105311346/tools/bin/../lib/gcc/arm-none-eabi/9.3.1/../../../../arm-none-eabi/lib/thumb/v7-m/nofp\libc_nano.a(lib_a-errno.o)
                0x000000000800332c                __errno
 .text.__libc_init_array
                0x0000000008003338       0x48 d:/stm32/stm32cubeide_1.7.0/stm32cubeide/plugins/com.st.stm32cube.ide.mcu.externaltools.gnu-tools-for-stm32.9-2020-q2-update.win32_2.0.0.202105311346/tools/bin/../lib/gcc/arm-none-eabi/9.3.1/../../../../arm-none-eabi/lib/thumb/v7-m/nofp\libc_nano.a(lib_a-init.o)
                0x0000000008003338                __libc_init_array
 .text.memset   0x0000000008003380       0x10 d:/stm32/stm32cubeide_1.7.0/stm32cubeide/plugins/com.st.stm32cube.ide.mcu.externaltools.gnu-tools-for-stm32.9-2020-q2-update.win32_2.0.0.202105311346/tools/bin/../lib/gcc/arm-none-eabi/9.3.1/../../../../arm-none-eabi/lib/thumb/v7-m/nofp\libc_nano.a(lib_a-memset.o)
                0x0000000008003380                memset
 .text.printf   0x0000000008003390       0x30 d:/stm32/stm32cubeide_1.7.0/stm32cubeide/plugins/com.st.stm32cube.ide.mcu.externaltools.gnu-tools-for-stm32.9-2020-q2-update.win32_2.0.0.202105311346/tools/bin/../lib/gcc/arm-none-eabi/9.3.1/../../../../arm-none-eabi/lib/thumb/v7-m/nofp\libc_nano.a(lib_a-printf.o)
                0x0000000008003390                iprintf
                0x0000000008003390                printf
 .text.std      0x00000000080033c0       0x48 d:/stm32/stm32cubeide_1.7.0/stm32cubeide/plugins/com.st.stm32cube.ide.mcu.externaltools.gnu-tools-for-stm32.9-2020-q2-update.win32_2.0.0.202105311346/tools/bin/../lib/gcc/arm-none-eabi/9.3.1/../../../../arm-none-eabi/lib/thumb/v7-m/nofp\libc_nano.a(lib_a-findfp.o)
 .text._cleanup_r
                0x0000000008003408        0xc d:/stm32/stm32cubeide_1.7.0/stm32cubeide/plugins/com.st.stm32cube.ide.mcu.externaltools.gnu-tools-for-stm32.9-2020-q2-update.win32_2.0.0.202105311346/tools/bin/../lib/gcc/arm-none-eabi/9.3.1/../../../../arm-none-eabi/lib/thumb/v7-m/nofp\libc_nano.a(lib_a-findfp.o)
                0x0000000008003408                _cleanup_r
 .text.__sfmoreglue
                0x0000000008003414       0x2c d:/stm32/stm32cubeide_1.7.0/stm32cubeide/plugins/com.st.stm32cube.ide.mcu.externaltools.gnu-tools-for-stm32.9-2020-q2-update.win32_2.0.0.202105311346/tools/bin/../lib/gcc/arm-none-eabi/9.3.1/../../../../arm-none-eabi/lib/thumb/v7-m/nofp\libc_nano.a(lib_a-findfp.o)
                0x0000000008003414                __sfmoreglue
 .text.__sfp_lock_acquire
                0x0000000008003440        0xc d:/stm32/stm32cubeide_1.7.0/stm32cubeide/plugins/com.st.stm32cube.ide.mcu.externaltools.gnu-tools-for-stm32.9-2020-q2-update.win32_2.0.0.202105311346/tools/bin/../lib/gcc/arm-none-eabi/9.3.1/../../../../arm-none-eabi/lib/thumb/v7-m/nofp\libc_nano.a(lib_a-findfp.o)
                0x0000000008003440                __sfp_lock_acquire
 .text.__sfp_lock_release
                0x000000000800344c        0xc d:/stm32/stm32cubeide_1.7.0/stm32cubeide/plugins/com.st.stm32cube.ide.mcu.externaltools.gnu-tools-for-stm32.9-2020-q2-update.win32_2.0.0.202105311346/tools/bin/../lib/gcc/arm-none-eabi/9.3.1/../../../../arm-none-eabi/lib/thumb/v7-m/nofp\libc_nano.a(lib_a-findfp.o)
                0x000000000800344c                __sfp_lock_release
 .text.__sinit_lock_acquire
                0x0000000008003458        0xc d:/stm32/stm32cubeide_1.7.0/stm32cubeide/plugins/com.st.stm32cube.ide.mcu.externaltools.gnu-tools-for-stm32.9-2020-q2-update.win32_2.0.0.202105311346/tools/bin/../lib/gcc/arm-none-eabi/9.3.1/../../../../arm-none-eabi/lib/thumb/v7-m/nofp\libc_nano.a(lib_a-findfp.o)
                0x0000000008003458                __sinit_lock_acquire
 .text.__sinit_lock_release
                0x0000000008003464        0xc d:/stm32/stm32cubeide_1.7.0/stm32cubeide/plugins/com.st.stm32cube.ide.mcu.externaltools.gnu-tools-for-stm32.9-2020-q2-update.win32_2.0.0.202105311346/tools/bin/../lib/gcc/arm-none-eabi/9.3.1/../../../../arm-none-eabi/lib/thumb/v7-m/nofp\libc_nano.a(lib_a-findfp.o)
                0x0000000008003464                __sinit_lock_release
 .text.__sinit  0x0000000008003470       0x70 d:/stm32/stm32cubeide_1.7.0/stm32cubeide/plugins/com.st.stm32cube.ide.mcu.externaltools.gnu-tools-for-stm32.9-2020-q2-update.win32_2.0.0.202105311346/tools/bin/../lib/gcc/arm-none-eabi/9.3.1/../../../../arm-none-eabi/lib/thumb/v7-m/nofp\libc_nano.a(lib_a-findfp.o)
                0x0000000008003470                __sinit
 .text.__sfp    0x00000000080034e0       0x8c d:/stm32/stm32cubeide_1.7.0/stm32cubeide/plugins/com.st.stm32cube.ide.mcu.externaltools.gnu-tools-for-stm32.9-2020-q2-update.win32_2.0.0.202105311346/tools/bin/../lib/gcc/arm-none-eabi/9.3.1/../../../../arm-none-eabi/lib/thumb/v7-m/nofp\libc_nano.a(lib_a-findfp.o)
                0x00000000080034e0                __sfp
 .text._fwalk_reent
                0x000000000800356c       0x3e d:/stm32/stm32cubeide_1.7.0/stm32cubeide/plugins/com.st.stm32cube.ide.mcu.externaltools.gnu-tools-for-stm32.9-2020-q2-update.win32_2.0.0.202105311346/tools/bin/../lib/gcc/arm-none-eabi/9.3.1/../../../../arm-none-eabi/lib/thumb/v7-m/nofp\libc_nano.a(lib_a-fwalk.o)
                0x000000000800356c                _fwalk_reent
 .text.__retarget_lock_init_recursive
                0x00000000080035aa        0x2 d:/stm32/stm32cubeide_1.7.0/stm32cubeide/plugins/com.st.stm32cube.ide.mcu.externaltools.gnu-tools-for-stm32.9-2020-q2-update.win32_2.0.0.202105311346/tools/bin/../lib/gcc/arm-none-eabi/9.3.1/../../../../arm-none-eabi/lib/thumb/v7-m/nofp\libc_nano.a(lib_a-lock.o)
                0x00000000080035aa                __retarget_lock_init_recursive
 .text.__retarget_lock_acquire_recursive
                0x00000000080035ac        0x2 d:/stm32/stm32cubeide_1.7.0/stm32cubeide/plugins/com.st.stm32cube.ide.mcu.externaltools.gnu-tools-for-stm32.9-2020-q2-update.win32_2.0.0.202105311346/tools/bin/../lib/gcc/arm-none-eabi/9.3.1/../../../../arm-none-eabi/lib/thumb/v7-m/nofp\libc_nano.a(lib_a-lock.o)
                0x00000000080035ac                __retarget_lock_acquire_recursive
 .text.__retarget_lock_release_recursive
                0x00000000080035ae        0x2 d:/stm32/stm32cubeide_1.7.0/stm32cubeide/plugins/com.st.stm32cube.ide.mcu.externaltools.gnu-tools-for-stm32.9-2020-q2-update.win32_2.0.0.202105311346/tools/bin/../lib/gcc/arm-none-eabi/9.3.1/../../../../arm-none-eabi/lib/thumb/v7-m/nofp\libc_nano.a(lib_a-lock.o)
                0x00000000080035ae                __retarget_lock_release_recursive
 .text._malloc_r
                0x00000000080035b0       0xb4 d:/stm32/stm32cubeide_1.7.0/stm32cubeide/plugins/com.st.stm32cube.ide.mcu.externaltools.gnu-tools-for-stm32.9-2020-q2-update.win32_2.0.0.202105311346/tools/bin/../lib/gcc/arm-none-eabi/9.3.1/../../../../arm-none-eabi/lib/thumb/v7-m/nofp\libc_nano.a(lib_a-nano-mallocr.o)
                0x00000000080035b0                _malloc_r
 .text.__sfputc_r
                0x0000000008003664       0x2a d:/stm32/stm32cubeide_1.7.0/stm32cubeide/plugins/com.st.stm32cube.ide.mcu.externaltools.gnu-tools-for-stm32.9-2020-q2-update.win32_2.0.0.202105311346/tools/bin/../lib/gcc/arm-none-eabi/9.3.1/../../../../arm-none-eabi/lib/thumb/v7-m/nofp\libc_nano.a(lib_a-nano-vfprintf.o)
 .text.__sfputs_r
                0x000000000800368e       0x24 d:/stm32/stm32cubeide_1.7.0/stm32cubeide/plugins/com.st.stm32cube.ide.mcu.externaltools.gnu-tools-for-stm32.9-2020-q2-update.win32_2.0.0.202105311346/tools/bin/../lib/gcc/arm-none-eabi/9.3.1/../../../../arm-none-eabi/lib/thumb/v7-m/nofp\libc_nano.a(lib_a-nano-vfprintf.o)
                0x000000000800368e                __sfputs_r
 *fill*         0x00000000080036b2        0x2 
 .text._vfprintf_r
                0x00000000080036b4      0x260 d:/stm32/stm32cubeide_1.7.0/stm32cubeide/plugins/com.st.stm32cube.ide.mcu.externaltools.gnu-tools-for-stm32.9-2020-q2-update.win32_2.0.0.202105311346/tools/bin/../lib/gcc/arm-none-eabi/9.3.1/../../../../arm-none-eabi/lib/thumb/v7-m/nofp\libc_nano.a(lib_a-nano-vfprintf.o)
                0x00000000080036b4                _vfprintf_r
                0x00000000080036b4                _vfiprintf_r
 .text._printf_common
                0x0000000008003914       0xde d:/stm32/stm32cubeide_1.7.0/stm32cubeide/plugins/com.st.stm32cube.ide.mcu.externaltools.gnu-tools-for-stm32.9-2020-q2-update.win32_2.0.0.202105311346/tools/bin/../lib/gcc/arm-none-eabi/9.3.1/../../../../arm-none-eabi/lib/thumb/v7-m/nofp\libc_nano.a(lib_a-nano-vfprintf_i.o)
                0x0000000008003914                _printf_common
 *fill*         0x00000000080039f2        0x2 
 .text._printf_i
                0x00000000080039f4      0x24c d:/stm32/stm32cubeide_1.7.0/stm32cubeide/plugins/com.st.stm32cube.ide.mcu.externaltools.gnu-tools-for-stm32.9-2020-q2-update.win32_2.0.0.202105311346/tools/bin/../lib/gcc/arm-none-eabi/9.3.1/../../../../arm-none-eabi/lib/thumb/v7-m/nofp\libc_nano.a(lib_a-nano-vfprintf_i.o)
                0x00000000080039f4                _printf_i
 .text._sbrk_r  0x0000000008003c40       0x20 d:/stm32/stm32cubeide_1.7.0/stm32cubeide/plugins/com.st.stm32cube.ide.mcu.externaltools.gnu-tools-for-stm32.9-2020-q2-update.win32_2.0.0.202105311346/tools/bin/../lib/gcc/arm-none-eabi/9.3.1/../../../../arm-none-eabi/lib/thumb/v7-m/nofp\libc_nano.a(lib_a-sbrkr.o)
                0x0000000008003c40                _sbrk_r
 .text.__sread  0x0000000008003c60       0x22 d:/stm32/stm32cubeide_1.7.0/stm32cubeide/plugins/com.st.stm32cube.ide.mcu.externaltools.gnu-tools-for-stm32.9-2020-q2-update.win32_2.0.0.202105311346/tools/bin/../lib/gcc/arm-none-eabi/9.3.1/../../../../arm-none-eabi/lib/thumb/v7-m/nofp\libc_nano.a(lib_a-stdio.o)
                0x0000000008003c60                __sread
 .text.__swrite
                0x0000000008003c82       0x38 d:/stm32/stm32cubeide_1.7.0/stm32cubeide/plugins/com.st.stm32cube.ide.mcu.externaltools.gnu-tools-for-stm32.9-2020-q2-update.win32_2.0.0.202105311346/tools/bin/../lib/gcc/arm-none-eabi/9.3.1/../../../../arm-none-eabi/lib/thumb/v7-m/nofp\libc_nano.a(lib_a-stdio.o)
                0x0000000008003c82                __swrite
 .text.__sseek  0x0000000008003cba       0x24 d:/stm32/stm32cubeide_1.7.0/stm32cubeide/plugins/com.st.stm32cube.ide.mcu.externaltools.gnu-tools-for-stm32.9-2020-q2-update.win32_2.0.0.202105311346/tools/bin/../lib/gcc/arm-none-eabi/9.3.1/../../../../arm-none-eabi/lib/thumb/v7-m/nofp\libc_nano.a(lib_a-stdio.o)
                0x0000000008003cba                __sseek
 .text.__sclose
                0x0000000008003cde        0x8 d:/stm32/stm32cubeide_1.7.0/stm32cubeide/plugins/com.st.stm32cube.ide.mcu.externaltools.gnu-tools-for-stm32.9-2020-q2-update.win32_2.0.0.202105311346/tools/bin/../lib/gcc/arm-none-eabi/9.3.1/../../../../arm-none-eabi/lib/thumb/v7-m/nofp\libc_nano.a(lib_a-stdio.o)
                0x0000000008003cde                __sclose
 *fill*         0x0000000008003ce6        0x2 
 .text.__swbuf_r
                0x0000000008003ce8       0xa4 d:/stm32/stm32cubeide_1.7.0/stm32cubeide/plugins/com.st.stm32cube.ide.mcu.externaltools.gnu-tools-for-stm32.9-2020-q2-update.win32_2.0.0.202105311346/tools/bin/../lib/gcc/arm-none-eabi/9.3.1/../../../../arm-none-eabi/lib/thumb/v7-m/nofp\libc_nano.a(lib_a-wbuf.o)
                0x0000000008003ce8                __swbuf_r
 .text._write_r
                0x0000000008003d8c       0x24 d:/stm32/stm32cubeide_1.7.0/stm32cubeide/plugins/com.st.stm32cube.ide.mcu.externaltools.gnu-tools-for-stm32.9-2020-q2-update.win32_2.0.0.202105311346/tools/bin/../lib/gcc/arm-none-eabi/9.3.1/../../../../arm-none-eabi/lib/thumb/v7-m/nofp\libc_nano.a(lib_a-writer.o)
                0x0000000008003d8c                _write_r
 .text.__swsetup_r
                0x0000000008003db0       0xdc d:/stm32/stm32cubeide_1.7.0/stm32cubeide/plugins/com.st.stm32cube.ide.mcu.externaltools.gnu-tools-for-stm32.9-2020-q2-update.win32_2.0.0.202105311346/tools/bin/../lib/gcc/arm-none-eabi/9.3.1/../../../../arm-none-eabi/lib/thumb/v7-m/nofp\libc_nano.a(lib_a-wsetup.o)
                0x0000000008003db0                __swsetup_r
 .text._close_r
                0x0000000008003e8c       0x20 d:/stm32/stm32cubeide_1.7.0/stm32cubeide/plugins/com.st.stm32cube.ide.mcu.externaltools.gnu-tools-for-stm32.9-2020-q2-update.win32_2.0.0.202105311346/tools/bin/../lib/gcc/arm-none-eabi/9.3.1/../../../../arm-none-eabi/lib/thumb/v7-m/nofp\libc_nano.a(lib_a-closer.o)
                0x0000000008003e8c                _close_r
 .text.__sflush_r
                0x0000000008003eac      0x10c d:/stm32/stm32cubeide_1.7.0/stm32cubeide/plugins/com.st.stm32cube.ide.mcu.externaltools.gnu-tools-for-stm32.9-2020-q2-update.win32_2.0.0.202105311346/tools/bin/../lib/gcc/arm-none-eabi/9.3.1/../../../../arm-none-eabi/lib/thumb/v7-m/nofp\libc_nano.a(lib_a-fflush.o)
                0x0000000008003eac                __sflush_r
 .text._fflush_r
                0x0000000008003fb8       0x78 d:/stm32/stm32cubeide_1.7.0/stm32cubeide/plugins/com.st.stm32cube.ide.mcu.externaltools.gnu-tools-for-stm32.9-2020-q2-update.win32_2.0.0.202105311346/tools/bin/../lib/gcc/arm-none-eabi/9.3.1/../../../../arm-none-eabi/lib/thumb/v7-m/nofp\libc_nano.a(lib_a-fflush.o)
                0x0000000008003fb8                _fflush_r
 .text._lseek_r
                0x0000000008004030       0x24 d:/stm32/stm32cubeide_1.7.0/stm32cubeide/plugins/com.st.stm32cube.ide.mcu.externaltools.gnu-tools-for-stm32.9-2020-q2-update.win32_2.0.0.202105311346/tools/bin/../lib/gcc/arm-none-eabi/9.3.1/../../../../arm-none-eabi/lib/thumb/v7-m/nofp\libc_nano.a(lib_a-lseekr.o)
                0x0000000008004030                _lseek_r
 .text.__swhatbuf_r
                0x0000000008004054       0x48 d:/stm32/stm32cubeide_1.7.0/stm32cubeide/plugins/com.st.stm32cube.ide.mcu.externaltools.gnu-tools-for-stm32.9-2020-q2-update.win32_2.0.0.202105311346/tools/bin/../lib/gcc/arm-none-eabi/9.3.1/../../../../arm-none-eabi/lib/thumb/v7-m/nofp\libc_nano.a(lib_a-makebuf.o)
                0x0000000008004054                __swhatbuf_r
 .text.__smakebuf_r
                0x000000000800409c       0x80 d:/stm32/stm32cubeide_1.7.0/stm32cubeide/plugins/com.st.stm32cube.ide.mcu.externaltools.gnu-tools-for-stm32.9-2020-q2-update.win32_2.0.0.202105311346/tools/bin/../lib/gcc/arm-none-eabi/9.3.1/../../../../arm-none-eabi/lib/thumb/v7-m/nofp\libc_nano.a(lib_a-makebuf.o)
                0x000000000800409c                __smakebuf_r
 .text.memchr   0x000000000800411c       0x1c d:/stm32/stm32cubeide_1.7.0/stm32cubeide/plugins/com.st.stm32cube.ide.mcu.externaltools.gnu-tools-for-stm32.9-2020-q2-update.win32_2.0.0.202105311346/tools/bin/../lib/gcc/arm-none-eabi/9.3.1/../../../../arm-none-eabi/lib/thumb/v7-m/nofp\libc_nano.a(lib_a-memchr-stub.o)
                0x000000000800411c                memchr
 .text.__malloc_lock
                0x0000000008004138        0xc d:/stm32/stm32cubeide_1.7.0/stm32cubeide/plugins/com.st.stm32cube.ide.mcu.externaltools.gnu-tools-for-stm32.9-2020-q2-update.win32_2.0.0.202105311346/tools/bin/../lib/gcc/arm-none-eabi/9.3.1/../../../../arm-none-eabi/lib/thumb/v7-m/nofp\libc_nano.a(lib_a-mlock.o)
                0x0000000008004138                __malloc_lock
 .text.__malloc_unlock
                0x0000000008004144        0xc d:/stm32/stm32cubeide_1.7.0/stm32cubeide/plugins/com.st.stm32cube.ide.mcu.externaltools.gnu-tools-for-stm32.9-2020-q2-update.win32_2.0.0.202105311346/tools/bin/../lib/gcc/arm-none-eabi/9.3.1/../../../../arm-none-eabi/lib/thumb/v7-m/nofp\libc_nano.a(lib_a-mlock.o)
                0x0000000008004144                __malloc_unlock
 .text._free_r  0x0000000008004150       0x98 d:/stm32/stm32cubeide_1.7.0/stm32cubeide/plugins/com.st.stm32cube.ide.mcu.externaltools.gnu-tools-for-stm32.9-2020-q2-update.win32_2.0.0.202105311346/tools/bin/../lib/gcc/arm-none-eabi/9.3.1/../../../../arm-none-eabi/lib/thumb/v7-m/nofp\libc_nano.a(lib_a-nano-freer.o)
                0x0000000008004150                _free_r
 .text._read_r  0x00000000080041e8       0x24 d:/stm32/stm32cubeide_1.7.0/stm32cubeide/plugins/com.st.stm32cube.ide.mcu.externaltools.gnu-tools-for-stm32.9-2020-q2-update.win32_2.0.0.202105311346/tools/bin/../lib/gcc/arm-none-eabi/9.3.1/../../../../arm-none-eabi/lib/thumb/v7-m/nofp\libc_nano.a(lib_a-readr.o)
                0x00000000080041e8                _read_r
 .text._fstat_r
                0x000000000800420c       0x24 d:/stm32/stm32cubeide_1.7.0/stm32cubeide/plugins/com.st.stm32cube.ide.mcu.externaltools.gnu-tools-for-stm32.9-2020-q2-update.win32_2.0.0.202105311346/tools/bin/../lib/gcc/arm-none-eabi/9.3.1/../../../../arm-none-eabi/lib/thumb/v7-m/nofp\libc_nano.a(lib_a-fstatr.o)
                0x000000000800420c                _fstat_r
 .text._isatty_r
                0x0000000008004230       0x20 d:/stm32/stm32cubeide_1.7.0/stm32cubeide/plugins/com.st.stm32cube.ide.mcu.externaltools.gnu-tools-for-stm32.9-2020-q2-update.win32_2.0.0.202105311346/tools/bin/../lib/gcc/arm-none-eabi/9.3.1/../../../../arm-none-eabi/lib/thumb/v7-m/nofp\libc_nano.a(lib_a-isattyr.o)
                0x0000000008004230                _isatty_r
 *(.glue_7)
 .glue_7        0x0000000008004250        0x0 linker stubs
 *(.glue_7t)
 .glue_7t       0x0000000008004250        0x0 linker stubs
 *(.eh_frame)
 .eh_frame      0x0000000008004250        0x0 d:/stm32/stm32cubeide_1.7.0/stm32cubeide/plugins/com.st.stm32cube.ide.mcu.externaltools.gnu-tools-for-stm32.9-2020-q2-update.win32_2.0.0.202105311346/tools/bin/../lib/gcc/arm-none-eabi/9.3.1/thumb/v7-m/nofp/crtbegin.o
 *(.init)
 .init          0x0000000008004250        0x4 d:/stm32/stm32cubeide_1.7.0/stm32cubeide/plugins/com.st.stm32cube.ide.mcu.externaltools.gnu-tools-for-stm32.9-2020-q2-update.win32_2.0.0.202105311346/tools/bin/../lib/gcc/arm-none-eabi/9.3.1/thumb/v7-m/nofp/crti.o
                0x0000000008004250                _init
 .init          0x0000000008004254        0x8 d:/stm32/stm32cubeide_1.7.0/stm32cubeide/plugins/com.st.stm32cube.ide.mcu.externaltools.gnu-tools-for-stm32.9-2020-q2-update.win32_2.0.0.202105311346/tools/bin/../lib/gcc/arm-none-eabi/9.3.1/thumb/v7-m/nofp/crtn.o
 *(.fini)
 .fini          0x000000000800425c        0x4 d:/stm32/stm32cubeide_1.7.0/stm32cubeide/plugins/com.st.stm32cube.ide.mcu.externaltools.gnu-tools-for-stm32.9-2020-q2-update.win32_2.0.0.202105311346/tools/bin/../lib/gcc/arm-none-eabi/9.3.1/thumb/v7-m/nofp/crti.o
                0x000000000800425c                _fini
 .fini          0x0000000008004260        0x8 d:/stm32/stm32cubeide_1.7.0/stm32cubeide/plugins/com.st.stm32cube.ide.mcu.externaltools.gnu-tools-for-stm32.9-2020-q2-update.win32_2.0.0.202105311346/tools/bin/../lib/gcc/arm-none-eabi/9.3.1/thumb/v7-m/nofp/crtn.o
                0x0000000008004268                . = ALIGN (0x4)
                0x0000000008004268                _etext = .

.vfp11_veneer   0x0000000008004268        0x0
 .vfp11_veneer  0x0000000008004268        0x0 linker stubs

.v4_bx          0x0000000008004268        0x0
 .v4_bx         0x0000000008004268        0x0 linker stubs

.iplt           0x0000000008004268        0x0
 .iplt          0x0000000008004268        0x0 d:/stm32/stm32cubeide_1.7.0/stm32cubeide/plugins/com.st.stm32cube.ide.mcu.externaltools.gnu-tools-for-stm32.9-2020-q2-update.win32_2.0.0.202105311346/tools/bin/../lib/gcc/arm-none-eabi/9.3.1/thumb/v7-m/nofp/crtbegin.o

.rodata         0x0000000008004268      0x11c
                0x0000000008004268                . = ALIGN (0x4)
 *(.rodata)
 .rodata        0x0000000008004268       0x13 ./Core/Src/fsm_manual.o
 *fill*         0x000000000800427b        0x1 
 .rodata        0x000000000800427c       0x44 ./Core/Src/global.o
 *(.rodata*)
 .rodata.AHBPrescTable
                0x00000000080042c0       0x10 ./Core/Src/system_stm32f1xx.o
                0x00000000080042c0                AHBPrescTable
 .rodata.APBPrescTable
                0x00000000080042d0        0x8 ./Core/Src/system_stm32f1xx.o
                0x00000000080042d0                APBPrescTable
 .rodata.aPLLMULFactorTable.6196
                0x00000000080042d8       0x10 ./Drivers/STM32F1xx_HAL_Driver/Src/stm32f1xx_hal_rcc.o
 .rodata.aPredivFactorTable.6197
                0x00000000080042e8        0x2 ./Drivers/STM32F1xx_HAL_Driver/Src/stm32f1xx_hal_rcc.o
 *fill*         0x00000000080042ea        0x2 
 .rodata._global_impure_ptr
                0x00000000080042ec        0x4 d:/stm32/stm32cubeide_1.7.0/stm32cubeide/plugins/com.st.stm32cube.ide.mcu.externaltools.gnu-tools-for-stm32.9-2020-q2-update.win32_2.0.0.202105311346/tools/bin/../lib/gcc/arm-none-eabi/9.3.1/../../../../arm-none-eabi/lib/thumb/v7-m/nofp\libc_nano.a(lib_a-impure.o)
                0x00000000080042ec                _global_impure_ptr
 .rodata.__sf_fake_stderr
                0x00000000080042f0       0x20 d:/stm32/stm32cubeide_1.7.0/stm32cubeide/plugins/com.st.stm32cube.ide.mcu.externaltools.gnu-tools-for-stm32.9-2020-q2-update.win32_2.0.0.202105311346/tools/bin/../lib/gcc/arm-none-eabi/9.3.1/../../../../arm-none-eabi/lib/thumb/v7-m/nofp\libc_nano.a(lib_a-findfp.o)
                0x00000000080042f0                __sf_fake_stderr
 .rodata.__sf_fake_stdin
                0x0000000008004310       0x20 d:/stm32/stm32cubeide_1.7.0/stm32cubeide/plugins/com.st.stm32cube.ide.mcu.externaltools.gnu-tools-for-stm32.9-2020-q2-update.win32_2.0.0.202105311346/tools/bin/../lib/gcc/arm-none-eabi/9.3.1/../../../../arm-none-eabi/lib/thumb/v7-m/nofp\libc_nano.a(lib_a-findfp.o)
                0x0000000008004310                __sf_fake_stdin
 .rodata.__sf_fake_stdout
                0x0000000008004330       0x20 d:/stm32/stm32cubeide_1.7.0/stm32cubeide/plugins/com.st.stm32cube.ide.mcu.externaltools.gnu-tools-for-stm32.9-2020-q2-update.win32_2.0.0.202105311346/tools/bin/../lib/gcc/arm-none-eabi/9.3.1/../../../../arm-none-eabi/lib/thumb/v7-m/nofp\libc_nano.a(lib_a-findfp.o)
                0x0000000008004330                __sf_fake_stdout
 .rodata._vfprintf_r.str1.1
                0x0000000008004350       0x11 d:/stm32/stm32cubeide_1.7.0/stm32cubeide/plugins/com.st.stm32cube.ide.mcu.externaltools.gnu-tools-for-stm32.9-2020-q2-update.win32_2.0.0.202105311346/tools/bin/../lib/gcc/arm-none-eabi/9.3.1/../../../../arm-none-eabi/lib/thumb/v7-m/nofp\libc_nano.a(lib_a-nano-vfprintf.o)
 .rodata._printf_i.str1.1
                0x0000000008004361       0x22 d:/stm32/stm32cubeide_1.7.0/stm32cubeide/plugins/com.st.stm32cube.ide.mcu.externaltools.gnu-tools-for-stm32.9-2020-q2-update.win32_2.0.0.202105311346/tools/bin/../lib/gcc/arm-none-eabi/9.3.1/../../../../arm-none-eabi/lib/thumb/v7-m/nofp\libc_nano.a(lib_a-nano-vfprintf_i.o)
                0x0000000008004384                . = ALIGN (0x4)
 *fill*         0x0000000008004383        0x1 

.rel.dyn        0x0000000008004384        0x0
 .rel.iplt      0x0000000008004384        0x0 d:/stm32/stm32cubeide_1.7.0/stm32cubeide/plugins/com.st.stm32cube.ide.mcu.externaltools.gnu-tools-for-stm32.9-2020-q2-update.win32_2.0.0.202105311346/tools/bin/../lib/gcc/arm-none-eabi/9.3.1/thumb/v7-m/nofp/crtbegin.o

.ARM.extab      0x0000000008004384        0x0
                0x0000000008004384                . = ALIGN (0x4)
 *(.ARM.extab* .gnu.linkonce.armextab.*)
                0x0000000008004384                . = ALIGN (0x4)

.ARM            0x0000000008004384        0x0
                0x0000000008004384                . = ALIGN (0x4)
                0x0000000008004384                __exidx_start = .
 *(.ARM.exidx*)
                0x0000000008004384                __exidx_end = .
                0x0000000008004384                . = ALIGN (0x4)

.preinit_array  0x0000000008004384        0x0
                0x0000000008004384                . = ALIGN (0x4)
                0x0000000008004384                PROVIDE (__preinit_array_start = .)
 *(.preinit_array*)
                0x0000000008004384                PROVIDE (__preinit_array_end = .)
                0x0000000008004384                . = ALIGN (0x4)

.init_array     0x0000000008004384        0x4
                0x0000000008004384                . = ALIGN (0x4)
                0x0000000008004384                PROVIDE (__init_array_start = .)
 *(SORT_BY_NAME(.init_array.*))
 *(.init_array*)
 .init_array    0x0000000008004384        0x4 d:/stm32/stm32cubeide_1.7.0/stm32cubeide/plugins/com.st.stm32cube.ide.mcu.externaltools.gnu-tools-for-stm32.9-2020-q2-update.win32_2.0.0.202105311346/tools/bin/../lib/gcc/arm-none-eabi/9.3.1/thumb/v7-m/nofp/crtbegin.o
                0x0000000008004388                PROVIDE (__init_array_end = .)
                0x0000000008004388                . = ALIGN (0x4)

.fini_array     0x0000000008004388        0x4
                0x0000000008004388                . = ALIGN (0x4)
                [!provide]                        PROVIDE (__fini_array_start = .)
 *(SORT_BY_NAME(.fini_array.*))
 *(.fini_array*)
 .fini_array    0x0000000008004388        0x4 d:/stm32/stm32cubeide_1.7.0/stm32cubeide/plugins/com.st.stm32cube.ide.mcu.externaltools.gnu-tools-for-stm32.9-2020-q2-update.win32_2.0.0.202105311346/tools/bin/../lib/gcc/arm-none-eabi/9.3.1/thumb/v7-m/nofp/crtbegin.o
                [!provide]                        PROVIDE (__fini_array_end = .)
                0x000000000800438c                . = ALIGN (0x4)
                0x000000000800438c                _sidata = LOADADDR (.data)

.data           0x0000000020000000       0xe4 load address 0x000000000800438c
                0x0000000020000000                . = ALIGN (0x4)
                0x0000000020000000                _sdata = .
 *(.data)
 *(.data*)
 .data.KeyReg   0x0000000020000000       0x40 ./Core/Src/button.o
                0x0000000020000000                KeyReg
 .data.TimerForKeyPress
                0x0000000020000040        0x4 ./Core/Src/button.o
                0x0000000020000040                TimerForKeyPress
 .data.button_ports
                0x0000000020000044       0x10 ./Core/Src/button.o
                0x0000000020000044                button_ports
 .data.button_pins
                0x0000000020000054       0x10 ./Core/Src/button.o
                0x0000000020000054                button_pins
 .data.toggle   0x0000000020000064        0x4 ./Core/Src/fsm_manual.o
                0x0000000020000064                toggle
 .data.red_duration
                0x0000000020000068        0x4 ./Core/Src/global.o
                0x0000000020000068                red_duration
 .data.green_duration
                0x000000002000006c        0x4 ./Core/Src/global.o
                0x000000002000006c                green_duration
 .data.yellow_duration
                0x0000000020000070        0x4 ./Core/Src/global.o
                0x0000000020000070                yellow_duration
 .data.SystemCoreClock
                0x0000000020000074        0x4 ./Core/Src/system_stm32f1xx.o
                0x0000000020000074                SystemCoreClock
 .data.uwTickPrio
                0x0000000020000078        0x4 ./Drivers/STM32F1xx_HAL_Driver/Src/stm32f1xx_hal.o
                0x0000000020000078                uwTickPrio
 .data.uwTickFreq
                0x000000002000007c        0x1 ./Drivers/STM32F1xx_HAL_Driver/Src/stm32f1xx_hal.o
                0x000000002000007c                uwTickFreq
 *fill*         0x000000002000007d        0x3 
 .data._impure_ptr
                0x0000000020000080        0x4 d:/stm32/stm32cubeide_1.7.0/stm32cubeide/plugins/com.st.stm32cube.ide.mcu.externaltools.gnu-tools-for-stm32.9-2020-q2-update.win32_2.0.0.202105311346/tools/bin/../lib/gcc/arm-none-eabi/9.3.1/../../../../arm-none-eabi/lib/thumb/v7-m/nofp\libc_nano.a(lib_a-impure.o)
                0x0000000020000080                _impure_ptr
 .data.impure_data
                0x0000000020000084       0x60 d:/stm32/stm32cubeide_1.7.0/stm32cubeide/plugins/com.st.stm32cube.ide.mcu.externaltools.gnu-tools-for-stm32.9-2020-q2-update.win32_2.0.0.202105311346/tools/bin/../lib/gcc/arm-none-eabi/9.3.1/../../../../arm-none-eabi/lib/thumb/v7-m/nofp\libc_nano.a(lib_a-impure.o)
 *(.RamFunc)
 *(.RamFunc*)
                0x00000000200000e4                . = ALIGN (0x4)
                0x00000000200000e4                _edata = .

.igot.plt       0x00000000200000e4        0x0 load address 0x0000000008004470
 .igot.plt      0x00000000200000e4        0x0 d:/stm32/stm32cubeide_1.7.0/stm32cubeide/plugins/com.st.stm32cube.ide.mcu.externaltools.gnu-tools-for-stm32.9-2020-q2-update.win32_2.0.0.202105311346/tools/bin/../lib/gcc/arm-none-eabi/9.3.1/thumb/v7-m/nofp/crtbegin.o
                0x00000000200000e4                . = ALIGN (0x4)

.bss            0x00000000200000e4      0x194 load address 0x0000000008004470
                0x00000000200000e4                _sbss = .
                0x00000000200000e4                __bss_start__ = _sbss
 *(.bss)
 .bss           0x00000000200000e4       0x1c d:/stm32/stm32cubeide_1.7.0/stm32cubeide/plugins/com.st.stm32cube.ide.mcu.externaltools.gnu-tools-for-stm32.9-2020-q2-update.win32_2.0.0.202105311346/tools/bin/../lib/gcc/arm-none-eabi/9.3.1/thumb/v7-m/nofp/crtbegin.o
 *(.bss*)
 .bss.button_flag
                0x0000000020000100       0x10 ./Core/Src/button.o
                0x0000000020000100                button_flag
 .bss.status    0x0000000020000110        0x4 ./Core/Src/global.o
                0x0000000020000110                status
 .bss.horizontal_number
                0x0000000020000114        0x4 ./Core/Src/global.o
                0x0000000020000114                horizontal_number
 .bss.vertical_number
                0x0000000020000118        0x4 ./Core/Src/global.o
                0x0000000020000118                vertical_number
 .bss.pedeson   0x000000002000011c        0x4 ./Core/Src/global.o
                0x000000002000011c                pedeson
 .bss.timer_counter
                0x0000000020000120       0x28 ./Core/Src/software_timer.o
                0x0000000020000120                timer_counter
 .bss.timer_flag
                0x0000000020000148       0x28 ./Core/Src/software_timer.o
                0x0000000020000148                timer_flag
 .bss.__sbrk_heap_end
                0x0000000020000170        0x4 ./Core/Src/sysmem.o
 .bss.__malloc_free_list
                0x0000000020000174        0x4 d:/stm32/stm32cubeide_1.7.0/stm32cubeide/plugins/com.st.stm32cube.ide.mcu.externaltools.gnu-tools-for-stm32.9-2020-q2-update.win32_2.0.0.202105311346/tools/bin/../lib/gcc/arm-none-eabi/9.3.1/../../../../arm-none-eabi/lib/thumb/v7-m/nofp\libc_nano.a(lib_a-nano-mallocr.o)
                0x0000000020000174                __malloc_free_list
 .bss.__malloc_sbrk_start
                0x0000000020000178        0x4 d:/stm32/stm32cubeide_1.7.0/stm32cubeide/plugins/com.st.stm32cube.ide.mcu.externaltools.gnu-tools-for-stm32.9-2020-q2-update.win32_2.0.0.202105311346/tools/bin/../lib/gcc/arm-none-eabi/9.3.1/../../../../arm-none-eabi/lib/thumb/v7-m/nofp\libc_nano.a(lib_a-nano-mallocr.o)
                0x0000000020000178                __malloc_sbrk_start
 *(COMMON)
 COMMON         0x000000002000017c        0x4 ./Core/Src/fsm_automatic.o
                0x000000002000017c                pedesduration
 COMMON         0x0000000020000180        0xc ./Core/Src/fsm_manual.o
                0x0000000020000180                red_duration_clone
                0x0000000020000184                green_duration_clone
                0x0000000020000188                yellow_duration_clone
 COMMON         0x000000002000018c       0xd8 ./Core/Src/main.o
                0x000000002000018c                htim3
                0x00000000200001d4                htim2
                0x000000002000021c                huart2
 COMMON         0x0000000020000264        0x4 ./Drivers/STM32F1xx_HAL_Driver/Src/stm32f1xx_hal.o
                0x0000000020000264                uwTick
 COMMON         0x0000000020000268        0x9 d:/stm32/stm32cubeide_1.7.0/stm32cubeide/plugins/com.st.stm32cube.ide.mcu.externaltools.gnu-tools-for-stm32.9-2020-q2-update.win32_2.0.0.202105311346/tools/bin/../lib/gcc/arm-none-eabi/9.3.1/../../../../arm-none-eabi/lib/thumb/v7-m/nofp\libc_nano.a(lib_a-lock.o)
                0x0000000020000268                __lock___atexit_recursive_mutex
                0x0000000020000269                __lock___arc4random_mutex
                0x000000002000026a                __lock___env_recursive_mutex
                0x000000002000026b                __lock___sinit_recursive_mutex
                0x000000002000026c                __lock___malloc_recursive_mutex
                0x000000002000026d                __lock___at_quick_exit_mutex
                0x000000002000026e                __lock___dd_hash_mutex
                0x000000002000026f                __lock___tz_mutex
                0x0000000020000270                __lock___sfp_recursive_mutex
 *fill*         0x0000000020000271        0x3 
 COMMON         0x0000000020000274        0x4 d:/stm32/stm32cubeide_1.7.0/stm32cubeide/plugins/com.st.stm32cube.ide.mcu.externaltools.gnu-tools-for-stm32.9-2020-q2-update.win32_2.0.0.202105311346/tools/bin/../lib/gcc/arm-none-eabi/9.3.1/../../../../arm-none-eabi/lib/thumb/v7-m/nofp\libc_nano.a(lib_a-reent.o)
                0x0000000020000274                errno
                0x0000000020000278                . = ALIGN (0x4)
                0x0000000020000278                _ebss = .
                0x0000000020000278                __bss_end__ = _ebss

._user_heap_stack
                0x0000000020000278      0x600 load address 0x0000000008004470
                0x0000000020000278                . = ALIGN (0x8)
                [!provide]                        PROVIDE (end = .)
                0x0000000020000278                PROVIDE (_end = .)
                0x0000000020000478                . = (. + _Min_Heap_Size)
 *fill*         0x0000000020000278      0x200 
                0x0000000020000878                . = (. + _Min_Stack_Size)
 *fill*         0x0000000020000478      0x400 
                0x0000000020000878                . = ALIGN (0x8)

/DISCARD/
 libc.a(*)
 libm.a(*)
 libgcc.a(*)

.ARM.attributes
                0x0000000000000000       0x29
 *(.ARM.attributes)
 .ARM.attributes
                0x0000000000000000       0x1d d:/stm32/stm32cubeide_1.7.0/stm32cubeide/plugins/com.st.stm32cube.ide.mcu.externaltools.gnu-tools-for-stm32.9-2020-q2-update.win32_2.0.0.202105311346/tools/bin/../lib/gcc/arm-none-eabi/9.3.1/thumb/v7-m/nofp/crti.o
 .ARM.attributes
                0x000000000000001d       0x2d d:/stm32/stm32cubeide_1.7.0/stm32cubeide/plugins/com.st.stm32cube.ide.mcu.externaltools.gnu-tools-for-stm32.9-2020-q2-update.win32_2.0.0.202105311346/tools/bin/../lib/gcc/arm-none-eabi/9.3.1/thumb/v7-m/nofp/crtbegin.o
 .ARM.attributes
                0x000000000000004a       0x2d ./Core/Src/button.o
 .ARM.attributes
                0x0000000000000077       0x2d ./Core/Src/fsm_automatic.o
 .ARM.attributes
                0x00000000000000a4       0x2d ./Core/Src/fsm_manual.o
 .ARM.attributes
                0x00000000000000d1       0x2d ./Core/Src/global.o
 .ARM.attributes
                0x00000000000000fe       0x2d ./Core/Src/main.o
 .ARM.attributes
                0x000000000000012b       0x2d ./Core/Src/software_timer.o
 .ARM.attributes
                0x0000000000000158       0x2d ./Core/Src/stm32f1xx_hal_msp.o
 .ARM.attributes
                0x0000000000000185       0x2d ./Core/Src/stm32f1xx_it.o
 .ARM.attributes
                0x00000000000001b2       0x2d ./Core/Src/syscalls.o
 .ARM.attributes
                0x00000000000001df       0x2d ./Core/Src/sysmem.o
 .ARM.attributes
                0x000000000000020c       0x2d ./Core/Src/system_stm32f1xx.o
 .ARM.attributes
                0x0000000000000239       0x21 ./Core/Startup/startup_stm32f103rbtx.o
 .ARM.attributes
                0x000000000000025a       0x2d ./Drivers/STM32F1xx_HAL_Driver/Src/stm32f1xx_hal.o
 .ARM.attributes
                0x0000000000000287       0x2d ./Drivers/STM32F1xx_HAL_Driver/Src/stm32f1xx_hal_cortex.o
 .ARM.attributes
                0x00000000000002b4       0x2d ./Drivers/STM32F1xx_HAL_Driver/Src/stm32f1xx_hal_gpio.o
 .ARM.attributes
                0x00000000000002e1       0x2d ./Drivers/STM32F1xx_HAL_Driver/Src/stm32f1xx_hal_rcc.o
 .ARM.attributes
                0x000000000000030e       0x2d ./Drivers/STM32F1xx_HAL_Driver/Src/stm32f1xx_hal_tim.o
 .ARM.attributes
                0x000000000000033b       0x2d ./Drivers/STM32F1xx_HAL_Driver/Src/stm32f1xx_hal_tim_ex.o
 .ARM.attributes
                0x0000000000000368       0x2d ./Drivers/STM32F1xx_HAL_Driver/Src/stm32f1xx_hal_uart.o
 .ARM.attributes
                0x0000000000000395       0x2d d:/stm32/stm32cubeide_1.7.0/stm32cubeide/plugins/com.st.stm32cube.ide.mcu.externaltools.gnu-tools-for-stm32.9-2020-q2-update.win32_2.0.0.202105311346/tools/bin/../lib/gcc/arm-none-eabi/9.3.1/../../../../arm-none-eabi/lib/thumb/v7-m/nofp\libc_nano.a(lib_a-errno.o)
 .ARM.attributes
                0x00000000000003c2       0x2d d:/stm32/stm32cubeide_1.7.0/stm32cubeide/plugins/com.st.stm32cube.ide.mcu.externaltools.gnu-tools-for-stm32.9-2020-q2-update.win32_2.0.0.202105311346/tools/bin/../lib/gcc/arm-none-eabi/9.3.1/../../../../arm-none-eabi/lib/thumb/v7-m/nofp\libc_nano.a(lib_a-impure.o)
 .ARM.attributes
                0x00000000000003ef       0x2d d:/stm32/stm32cubeide_1.7.0/stm32cubeide/plugins/com.st.stm32cube.ide.mcu.externaltools.gnu-tools-for-stm32.9-2020-q2-update.win32_2.0.0.202105311346/tools/bin/../lib/gcc/arm-none-eabi/9.3.1/../../../../arm-none-eabi/lib/thumb/v7-m/nofp\libc_nano.a(lib_a-init.o)
 .ARM.attributes
                0x000000000000041c       0x2d d:/stm32/stm32cubeide_1.7.0/stm32cubeide/plugins/com.st.stm32cube.ide.mcu.externaltools.gnu-tools-for-stm32.9-2020-q2-update.win32_2.0.0.202105311346/tools/bin/../lib/gcc/arm-none-eabi/9.3.1/../../../../arm-none-eabi/lib/thumb/v7-m/nofp\libc_nano.a(lib_a-memset.o)
 .ARM.attributes
                0x0000000000000449       0x2d d:/stm32/stm32cubeide_1.7.0/stm32cubeide/plugins/com.st.stm32cube.ide.mcu.externaltools.gnu-tools-for-stm32.9-2020-q2-update.win32_2.0.0.202105311346/tools/bin/../lib/gcc/arm-none-eabi/9.3.1/../../../../arm-none-eabi/lib/thumb/v7-m/nofp\libc_nano.a(lib_a-printf.o)
 .ARM.attributes
                0x0000000000000476       0x2d d:/stm32/stm32cubeide_1.7.0/stm32cubeide/plugins/com.st.stm32cube.ide.mcu.externaltools.gnu-tools-for-stm32.9-2020-q2-update.win32_2.0.0.202105311346/tools/bin/../lib/gcc/arm-none-eabi/9.3.1/../../../../arm-none-eabi/lib/thumb/v7-m/nofp\libc_nano.a(lib_a-findfp.o)
 .ARM.attributes
                0x00000000000004a3       0x2d d:/stm32/stm32cubeide_1.7.0/stm32cubeide/plugins/com.st.stm32cube.ide.mcu.externaltools.gnu-tools-for-stm32.9-2020-q2-update.win32_2.0.0.202105311346/tools/bin/../lib/gcc/arm-none-eabi/9.3.1/../../../../arm-none-eabi/lib/thumb/v7-m/nofp\libc_nano.a(lib_a-fwalk.o)
 .ARM.attributes
                0x00000000000004d0       0x2d d:/stm32/stm32cubeide_1.7.0/stm32cubeide/plugins/com.st.stm32cube.ide.mcu.externaltools.gnu-tools-for-stm32.9-2020-q2-update.win32_2.0.0.202105311346/tools/bin/../lib/gcc/arm-none-eabi/9.3.1/../../../../arm-none-eabi/lib/thumb/v7-m/nofp\libc_nano.a(lib_a-lock.o)
 .ARM.attributes
                0x00000000000004fd       0x2d d:/stm32/stm32cubeide_1.7.0/stm32cubeide/plugins/com.st.stm32cube.ide.mcu.externaltools.gnu-tools-for-stm32.9-2020-q2-update.win32_2.0.0.202105311346/tools/bin/../lib/gcc/arm-none-eabi/9.3.1/../../../../arm-none-eabi/lib/thumb/v7-m/nofp\libc_nano.a(lib_a-nano-mallocr.o)
 .ARM.attributes
                0x000000000000052a       0x2d d:/stm32/stm32cubeide_1.7.0/stm32cubeide/plugins/com.st.stm32cube.ide.mcu.externaltools.gnu-tools-for-stm32.9-2020-q2-update.win32_2.0.0.202105311346/tools/bin/../lib/gcc/arm-none-eabi/9.3.1/../../../../arm-none-eabi/lib/thumb/v7-m/nofp\libc_nano.a(lib_a-nano-vfprintf.o)
 .ARM.attributes
                0x0000000000000557       0x2d d:/stm32/stm32cubeide_1.7.0/stm32cubeide/plugins/com.st.stm32cube.ide.mcu.externaltools.gnu-tools-for-stm32.9-2020-q2-update.win32_2.0.0.202105311346/tools/bin/../lib/gcc/arm-none-eabi/9.3.1/../../../../arm-none-eabi/lib/thumb/v7-m/nofp\libc_nano.a(lib_a-nano-vfprintf_i.o)
 .ARM.attributes
                0x0000000000000584       0x2d d:/stm32/stm32cubeide_1.7.0/stm32cubeide/plugins/com.st.stm32cube.ide.mcu.externaltools.gnu-tools-for-stm32.9-2020-q2-update.win32_2.0.0.202105311346/tools/bin/../lib/gcc/arm-none-eabi/9.3.1/../../../../arm-none-eabi/lib/thumb/v7-m/nofp\libc_nano.a(lib_a-sbrkr.o)
 .ARM.attributes
                0x00000000000005b1       0x2d d:/stm32/stm32cubeide_1.7.0/stm32cubeide/plugins/com.st.stm32cube.ide.mcu.externaltools.gnu-tools-for-stm32.9-2020-q2-update.win32_2.0.0.202105311346/tools/bin/../lib/gcc/arm-none-eabi/9.3.1/../../../../arm-none-eabi/lib/thumb/v7-m/nofp\libc_nano.a(lib_a-stdio.o)
 .ARM.attributes
                0x00000000000005de       0x2d d:/stm32/stm32cubeide_1.7.0/stm32cubeide/plugins/com.st.stm32cube.ide.mcu.externaltools.gnu-tools-for-stm32.9-2020-q2-update.win32_2.0.0.202105311346/tools/bin/../lib/gcc/arm-none-eabi/9.3.1/../../../../arm-none-eabi/lib/thumb/v7-m/nofp\libc_nano.a(lib_a-wbuf.o)
 .ARM.attributes
                0x000000000000060b       0x2d d:/stm32/stm32cubeide_1.7.0/stm32cubeide/plugins/com.st.stm32cube.ide.mcu.externaltools.gnu-tools-for-stm32.9-2020-q2-update.win32_2.0.0.202105311346/tools/bin/../lib/gcc/arm-none-eabi/9.3.1/../../../../arm-none-eabi/lib/thumb/v7-m/nofp\libc_nano.a(lib_a-writer.o)
 .ARM.attributes
                0x0000000000000638       0x2d d:/stm32/stm32cubeide_1.7.0/stm32cubeide/plugins/com.st.stm32cube.ide.mcu.externaltools.gnu-tools-for-stm32.9-2020-q2-update.win32_2.0.0.202105311346/tools/bin/../lib/gcc/arm-none-eabi/9.3.1/../../../../arm-none-eabi/lib/thumb/v7-m/nofp\libc_nano.a(lib_a-wsetup.o)
 .ARM.attributes
                0x0000000000000665       0x2d d:/stm32/stm32cubeide_1.7.0/stm32cubeide/plugins/com.st.stm32cube.ide.mcu.externaltools.gnu-tools-for-stm32.9-2020-q2-update.win32_2.0.0.202105311346/tools/bin/../lib/gcc/arm-none-eabi/9.3.1/../../../../arm-none-eabi/lib/thumb/v7-m/nofp\libc_nano.a(lib_a-closer.o)
 .ARM.attributes
                0x0000000000000692       0x2d d:/stm32/stm32cubeide_1.7.0/stm32cubeide/plugins/com.st.stm32cube.ide.mcu.externaltools.gnu-tools-for-stm32.9-2020-q2-update.win32_2.0.0.202105311346/tools/bin/../lib/gcc/arm-none-eabi/9.3.1/../../../../arm-none-eabi/lib/thumb/v7-m/nofp\libc_nano.a(lib_a-fflush.o)
 .ARM.attributes
                0x00000000000006bf       0x2d d:/stm32/stm32cubeide_1.7.0/stm32cubeide/plugins/com.st.stm32cube.ide.mcu.externaltools.gnu-tools-for-stm32.9-2020-q2-update.win32_2.0.0.202105311346/tools/bin/../lib/gcc/arm-none-eabi/9.3.1/../../../../arm-none-eabi/lib/thumb/v7-m/nofp\libc_nano.a(lib_a-lseekr.o)
 .ARM.attributes
                0x00000000000006ec       0x2d d:/stm32/stm32cubeide_1.7.0/stm32cubeide/plugins/com.st.stm32cube.ide.mcu.externaltools.gnu-tools-for-stm32.9-2020-q2-update.win32_2.0.0.202105311346/tools/bin/../lib/gcc/arm-none-eabi/9.3.1/../../../../arm-none-eabi/lib/thumb/v7-m/nofp\libc_nano.a(lib_a-makebuf.o)
 .ARM.attributes
                0x0000000000000719       0x2d d:/stm32/stm32cubeide_1.7.0/stm32cubeide/plugins/com.st.stm32cube.ide.mcu.externaltools.gnu-tools-for-stm32.9-2020-q2-update.win32_2.0.0.202105311346/tools/bin/../lib/gcc/arm-none-eabi/9.3.1/../../../../arm-none-eabi/lib/thumb/v7-m/nofp\libc_nano.a(lib_a-memchr-stub.o)
 .ARM.attributes
                0x0000000000000746       0x2d d:/stm32/stm32cubeide_1.7.0/stm32cubeide/plugins/com.st.stm32cube.ide.mcu.externaltools.gnu-tools-for-stm32.9-2020-q2-update.win32_2.0.0.202105311346/tools/bin/../lib/gcc/arm-none-eabi/9.3.1/../../../../arm-none-eabi/lib/thumb/v7-m/nofp\libc_nano.a(lib_a-mlock.o)
 .ARM.attributes
                0x0000000000000773       0x2d d:/stm32/stm32cubeide_1.7.0/stm32cubeide/plugins/com.st.stm32cube.ide.mcu.externaltools.gnu-tools-for-stm32.9-2020-q2-update.win32_2.0.0.202105311346/tools/bin/../lib/gcc/arm-none-eabi/9.3.1/../../../../arm-none-eabi/lib/thumb/v7-m/nofp\libc_nano.a(lib_a-nano-freer.o)
 .ARM.attributes
                0x00000000000007a0       0x2d d:/stm32/stm32cubeide_1.7.0/stm32cubeide/plugins/com.st.stm32cube.ide.mcu.externaltools.gnu-tools-for-stm32.9-2020-q2-update.win32_2.0.0.202105311346/tools/bin/../lib/gcc/arm-none-eabi/9.3.1/../../../../arm-none-eabi/lib/thumb/v7-m/nofp\libc_nano.a(lib_a-readr.o)
 .ARM.attributes
                0x00000000000007cd       0x2d d:/stm32/stm32cubeide_1.7.0/stm32cubeide/plugins/com.st.stm32cube.ide.mcu.externaltools.gnu-tools-for-stm32.9-2020-q2-update.win32_2.0.0.202105311346/tools/bin/../lib/gcc/arm-none-eabi/9.3.1/../../../../arm-none-eabi/lib/thumb/v7-m/nofp\libc_nano.a(lib_a-reent.o)
 .ARM.attributes
                0x00000000000007fa       0x2d d:/stm32/stm32cubeide_1.7.0/stm32cubeide/plugins/com.st.stm32cube.ide.mcu.externaltools.gnu-tools-for-stm32.9-2020-q2-update.win32_2.0.0.202105311346/tools/bin/../lib/gcc/arm-none-eabi/9.3.1/../../../../arm-none-eabi/lib/thumb/v7-m/nofp\libc_nano.a(lib_a-fstatr.o)
 .ARM.attributes
                0x0000000000000827       0x2d d:/stm32/stm32cubeide_1.7.0/stm32cubeide/plugins/com.st.stm32cube.ide.mcu.externaltools.gnu-tools-for-stm32.9-2020-q2-update.win32_2.0.0.202105311346/tools/bin/../lib/gcc/arm-none-eabi/9.3.1/../../../../arm-none-eabi/lib/thumb/v7-m/nofp\libc_nano.a(lib_a-isattyr.o)
 .ARM.attributes
                0x0000000000000854       0x1d d:/stm32/stm32cubeide_1.7.0/stm32cubeide/plugins/com.st.stm32cube.ide.mcu.externaltools.gnu-tools-for-stm32.9-2020-q2-update.win32_2.0.0.202105311346/tools/bin/../lib/gcc/arm-none-eabi/9.3.1/thumb/v7-m/nofp/crtn.o
OUTPUT(FinalProjectVxl.elf elf32-littlearm)
LOAD linker stubs
LOAD d:/stm32/stm32cubeide_1.7.0/stm32cubeide/plugins/com.st.stm32cube.ide.mcu.externaltools.gnu-tools-for-stm32.9-2020-q2-update.win32_2.0.0.202105311346/tools/bin/../lib/gcc/arm-none-eabi/9.3.1/../../../../arm-none-eabi/lib/thumb/v7-m/nofp\libc.a
LOAD d:/stm32/stm32cubeide_1.7.0/stm32cubeide/plugins/com.st.stm32cube.ide.mcu.externaltools.gnu-tools-for-stm32.9-2020-q2-update.win32_2.0.0.202105311346/tools/bin/../lib/gcc/arm-none-eabi/9.3.1/../../../../arm-none-eabi/lib/thumb/v7-m/nofp\libm.a
LOAD d:/stm32/stm32cubeide_1.7.0/stm32cubeide/plugins/com.st.stm32cube.ide.mcu.externaltools.gnu-tools-for-stm32.9-2020-q2-update.win32_2.0.0.202105311346/tools/bin/../lib/gcc/arm-none-eabi/9.3.1/thumb/v7-m/nofp\libgcc.a

.debug_info     0x0000000000000000    0x11781
 .debug_info    0x0000000000000000      0x31f ./Core/Src/button.o
 .debug_info    0x000000000000031f     0x12e0 ./Core/Src/fsm_automatic.o
 .debug_info    0x00000000000015ff     0x1348 ./Core/Src/fsm_manual.o
 .debug_info    0x0000000000002947     0x14de ./Core/Src/global.o
 .debug_info    0x0000000000003e25      0xf70 ./Core/Src/main.o
 .debug_info    0x0000000000004d95       0xcb ./Core/Src/software_timer.o
 .debug_info    0x0000000000004e60      0xe61 ./Core/Src/stm32f1xx_hal_msp.o
 .debug_info    0x0000000000005cc1      0x7b9 ./Core/Src/stm32f1xx_it.o
 .debug_info    0x000000000000647a      0xfa8 ./Core/Src/syscalls.o
 .debug_info    0x0000000000007422      0xa25 ./Core/Src/sysmem.o
 .debug_info    0x0000000000007e47      0x2be ./Core/Src/system_stm32f1xx.o
 .debug_info    0x0000000000008105       0x22 ./Core/Startup/startup_stm32f103rbtx.o
 .debug_info    0x0000000000008127      0x76a ./Drivers/STM32F1xx_HAL_Driver/Src/stm32f1xx_hal.o
 .debug_info    0x0000000000008891      0xbdc ./Drivers/STM32F1xx_HAL_Driver/Src/stm32f1xx_hal_cortex.o
 .debug_info    0x000000000000946d      0x701 ./Drivers/STM32F1xx_HAL_Driver/Src/stm32f1xx_hal_gpio.o
 .debug_info    0x0000000000009b6e      0x893 ./Drivers/STM32F1xx_HAL_Driver/Src/stm32f1xx_hal_rcc.o
 .debug_info    0x000000000000a401     0x2c12 ./Drivers/STM32F1xx_HAL_Driver/Src/stm32f1xx_hal_tim.o
 .debug_info    0x000000000000d013     0x157f ./Drivers/STM32F1xx_HAL_Driver/Src/stm32f1xx_hal_tim_ex.o
 .debug_info    0x000000000000e592     0x31ef ./Drivers/STM32F1xx_HAL_Driver/Src/stm32f1xx_hal_uart.o

.debug_abbrev   0x0000000000000000     0x24df
 .debug_abbrev  0x0000000000000000      0x156 ./Core/Src/button.o
 .debug_abbrev  0x0000000000000156      0x1f3 ./Core/Src/fsm_automatic.o
 .debug_abbrev  0x0000000000000349      0x207 ./Core/Src/fsm_manual.o
 .debug_abbrev  0x0000000000000550      0x249 ./Core/Src/global.o
 .debug_abbrev  0x0000000000000799      0x29e ./Core/Src/main.o
 .debug_abbrev  0x0000000000000a37       0xbb ./Core/Src/software_timer.o
 .debug_abbrev  0x0000000000000af2      0x1c8 ./Core/Src/stm32f1xx_hal_msp.o
 .debug_abbrev  0x0000000000000cba      0x176 ./Core/Src/stm32f1xx_it.o
 .debug_abbrev  0x0000000000000e30      0x286 ./Core/Src/syscalls.o
 .debug_abbrev  0x00000000000010b6      0x1bf ./Core/Src/sysmem.o
 .debug_abbrev  0x0000000000001275      0x14e ./Core/Src/system_stm32f1xx.o
 .debug_abbrev  0x00000000000013c3       0x12 ./Core/Startup/startup_stm32f103rbtx.o
 .debug_abbrev  0x00000000000013d5      0x1ed ./Drivers/STM32F1xx_HAL_Driver/Src/stm32f1xx_hal.o
 .debug_abbrev  0x00000000000015c2      0x313 ./Drivers/STM32F1xx_HAL_Driver/Src/stm32f1xx_hal_cortex.o
 .debug_abbrev  0x00000000000018d5      0x1e8 ./Drivers/STM32F1xx_HAL_Driver/Src/stm32f1xx_hal_gpio.o
 .debug_abbrev  0x0000000000001abd      0x273 ./Drivers/STM32F1xx_HAL_Driver/Src/stm32f1xx_hal_rcc.o
 .debug_abbrev  0x0000000000001d30      0x25e ./Drivers/STM32F1xx_HAL_Driver/Src/stm32f1xx_hal_tim.o
 .debug_abbrev  0x0000000000001f8e      0x266 ./Drivers/STM32F1xx_HAL_Driver/Src/stm32f1xx_hal_tim_ex.o
 .debug_abbrev  0x00000000000021f4      0x2eb ./Drivers/STM32F1xx_HAL_Driver/Src/stm32f1xx_hal_uart.o

.debug_aranges  0x0000000000000000      0xd18
 .debug_aranges
                0x0000000000000000       0x30 ./Core/Src/button.o
 .debug_aranges
                0x0000000000000030       0x20 ./Core/Src/fsm_automatic.o
 .debug_aranges
                0x0000000000000050       0x28 ./Core/Src/fsm_manual.o
 .debug_aranges
                0x0000000000000078       0x48 ./Core/Src/global.o
 .debug_aranges
                0x00000000000000c0       0x60 ./Core/Src/main.o
 .debug_aranges
                0x0000000000000120       0x28 ./Core/Src/software_timer.o
 .debug_aranges
                0x0000000000000148       0x48 ./Core/Src/stm32f1xx_hal_msp.o
 .debug_aranges
                0x0000000000000190       0x68 ./Core/Src/stm32f1xx_it.o
 .debug_aranges
                0x00000000000001f8       0xa8 ./Core/Src/syscalls.o
 .debug_aranges
                0x00000000000002a0       0x20 ./Core/Src/sysmem.o
 .debug_aranges
                0x00000000000002c0       0x28 ./Core/Src/system_stm32f1xx.o
 .debug_aranges
                0x00000000000002e8       0x28 ./Core/Startup/startup_stm32f103rbtx.o
 .debug_aranges
                0x0000000000000310       0xe0 ./Drivers/STM32F1xx_HAL_Driver/Src/stm32f1xx_hal.o
 .debug_aranges
                0x00000000000003f0      0x100 ./Drivers/STM32F1xx_HAL_Driver/Src/stm32f1xx_hal_cortex.o
 .debug_aranges
                0x00000000000004f0       0x58 ./Drivers/STM32F1xx_HAL_Driver/Src/stm32f1xx_hal_gpio.o
 .debug_aranges
                0x0000000000000548       0x90 ./Drivers/STM32F1xx_HAL_Driver/Src/stm32f1xx_hal_rcc.o
 .debug_aranges
                0x00000000000005d8      0x3d0 ./Drivers/STM32F1xx_HAL_Driver/Src/stm32f1xx_hal_tim.o
 .debug_aranges
                0x00000000000009a8      0x168 ./Drivers/STM32F1xx_HAL_Driver/Src/stm32f1xx_hal_tim_ex.o
 .debug_aranges
                0x0000000000000b10      0x208 ./Drivers/STM32F1xx_HAL_Driver/Src/stm32f1xx_hal_uart.o

.debug_ranges   0x0000000000000000      0xc20
 .debug_ranges  0x0000000000000000       0x20 ./Core/Src/button.o
 .debug_ranges  0x0000000000000020       0x10 ./Core/Src/fsm_automatic.o
 .debug_ranges  0x0000000000000030       0x18 ./Core/Src/fsm_manual.o
 .debug_ranges  0x0000000000000048       0x38 ./Core/Src/global.o
 .debug_ranges  0x0000000000000080       0x50 ./Core/Src/main.o
 .debug_ranges  0x00000000000000d0       0x18 ./Core/Src/software_timer.o
 .debug_ranges  0x00000000000000e8       0x38 ./Core/Src/stm32f1xx_hal_msp.o
 .debug_ranges  0x0000000000000120       0x58 ./Core/Src/stm32f1xx_it.o
 .debug_ranges  0x0000000000000178       0x98 ./Core/Src/syscalls.o
 .debug_ranges  0x0000000000000210       0x10 ./Core/Src/sysmem.o
 .debug_ranges  0x0000000000000220       0x18 ./Core/Src/system_stm32f1xx.o
 .debug_ranges  0x0000000000000238       0x20 ./Core/Startup/startup_stm32f103rbtx.o
 .debug_ranges  0x0000000000000258       0xd0 ./Drivers/STM32F1xx_HAL_Driver/Src/stm32f1xx_hal.o
 .debug_ranges  0x0000000000000328       0xf0 ./Drivers/STM32F1xx_HAL_Driver/Src/stm32f1xx_hal_cortex.o
 .debug_ranges  0x0000000000000418       0x48 ./Drivers/STM32F1xx_HAL_Driver/Src/stm32f1xx_hal_gpio.o
 .debug_ranges  0x0000000000000460       0x80 ./Drivers/STM32F1xx_HAL_Driver/Src/stm32f1xx_hal_rcc.o
 .debug_ranges  0x00000000000004e0      0x3c0 ./Drivers/STM32F1xx_HAL_Driver/Src/stm32f1xx_hal_tim.o
 .debug_ranges  0x00000000000008a0      0x158 ./Drivers/STM32F1xx_HAL_Driver/Src/stm32f1xx_hal_tim_ex.o
 .debug_ranges  0x00000000000009f8      0x228 ./Drivers/STM32F1xx_HAL_Driver/Src/stm32f1xx_hal_uart.o

.debug_macro    0x0000000000000000    0x19140
 .debug_macro   0x0000000000000000      0x1c1 ./Core/Src/button.o
 .debug_macro   0x00000000000001c1      0xa9c ./Core/Src/button.o
 .debug_macro   0x0000000000000c5d      0x21b ./Core/Src/button.o
 .debug_macro   0x0000000000000e78       0x2e ./Core/Src/button.o
 .debug_macro   0x0000000000000ea6       0x22 ./Core/Src/button.o
 .debug_macro   0x0000000000000ec8       0x22 ./Core/Src/button.o
 .debug_macro   0x0000000000000eea       0x8e ./Core/Src/button.o
 .debug_macro   0x0000000000000f78       0x51 ./Core/Src/button.o
 .debug_macro   0x0000000000000fc9      0x103 ./Core/Src/button.o
 .debug_macro   0x00000000000010cc       0x6a ./Core/Src/button.o
 .debug_macro   0x0000000000001136      0x1df ./Core/Src/button.o
 .debug_macro   0x0000000000001315       0x1c ./Core/Src/button.o
 .debug_macro   0x0000000000001331       0x22 ./Core/Src/button.o
 .debug_macro   0x0000000000001353       0xc3 ./Core/Src/button.o
 .debug_macro   0x0000000000001416      0xd23 ./Core/Src/button.o
 .debug_macro   0x0000000000002139     0xe09e ./Core/Src/button.o
 .debug_macro   0x00000000000101d7       0x6d ./Core/Src/button.o
 .debug_macro   0x0000000000010244     0x348d ./Core/Src/button.o
 .debug_macro   0x00000000000136d1      0x174 ./Core/Src/button.o
 .debug_macro   0x0000000000013845       0x5c ./Core/Src/button.o
 .debug_macro   0x00000000000138a1      0x5bc ./Core/Src/button.o
 .debug_macro   0x0000000000013e5d      0x289 ./Core/Src/button.o
 .debug_macro   0x00000000000140e6      0x1cb ./Core/Src/button.o
 .debug_macro   0x00000000000142b1      0x114 ./Core/Src/button.o
 .debug_macro   0x00000000000143c5      0x1b2 ./Core/Src/button.o
 .debug_macro   0x0000000000014577       0x27 ./Core/Src/button.o
 .debug_macro   0x000000000001459e      0x136 ./Core/Src/button.o
 .debug_macro   0x00000000000146d4      0x1bc ./Core/Src/button.o
 .debug_macro   0x0000000000014890       0x34 ./Core/Src/button.o
 .debug_macro   0x00000000000148c4       0x3c ./Core/Src/button.o
 .debug_macro   0x0000000000014900       0x57 ./Core/Src/button.o
 .debug_macro   0x0000000000014957       0x87 ./Core/Src/button.o
 .debug_macro   0x00000000000149de      0x240 ./Core/Src/button.o
 .debug_macro   0x0000000000014c1e      0x140 ./Core/Src/button.o
 .debug_macro   0x0000000000014d5e      0x8ed ./Core/Src/button.o
 .debug_macro   0x000000000001564b      0x28e ./Core/Src/button.o
 .debug_macro   0x00000000000158d9       0x83 ./Core/Src/button.o
 .debug_macro   0x000000000001595c       0x7c ./Core/Src/button.o
 .debug_macro   0x00000000000159d8       0x10 ./Core/Src/button.o
 .debug_macro   0x00000000000159e8      0x341 ./Core/Src/fsm_automatic.o
 .debug_macro   0x0000000000015d29       0x4c ./Core/Src/fsm_automatic.o
 .debug_macro   0x0000000000015d75       0x18 ./Core/Src/fsm_automatic.o
 .debug_macro   0x0000000000015d8d       0x94 ./Core/Src/fsm_automatic.o
 .debug_macro   0x0000000000015e21       0x3c ./Core/Src/fsm_automatic.o
 .debug_macro   0x0000000000015e5d       0x34 ./Core/Src/fsm_automatic.o
 .debug_macro   0x0000000000015e91       0x16 ./Core/Src/fsm_automatic.o
 .debug_macro   0x0000000000015ea7       0x57 ./Core/Src/fsm_automatic.o
 .debug_macro   0x0000000000015efe       0x97 ./Core/Src/fsm_automatic.o
 .debug_macro   0x0000000000015f95      0x339 ./Core/Src/fsm_automatic.o
 .debug_macro   0x00000000000162ce       0xfd ./Core/Src/fsm_automatic.o
 .debug_macro   0x00000000000163cb       0x10 ./Core/Src/fsm_automatic.o
 .debug_macro   0x00000000000163db       0x16 ./Core/Src/fsm_automatic.o
 .debug_macro   0x00000000000163f1       0x43 ./Core/Src/fsm_automatic.o
 .debug_macro   0x0000000000016434       0x34 ./Core/Src/fsm_automatic.o
 .debug_macro   0x0000000000016468       0x10 ./Core/Src/fsm_automatic.o
 .debug_macro   0x0000000000016478       0x58 ./Core/Src/fsm_automatic.o
 .debug_macro   0x00000000000164d0       0x71 ./Core/Src/fsm_automatic.o
 .debug_macro   0x0000000000016541       0x1c ./Core/Src/fsm_automatic.o
 .debug_macro   0x000000000001655d      0x12a ./Core/Src/fsm_automatic.o
 .debug_macro   0x0000000000016687       0x10 ./Core/Src/fsm_automatic.o
 .debug_macro   0x0000000000016697       0x1c ./Core/Src/fsm_automatic.o
 .debug_macro   0x00000000000166b3       0x52 ./Core/Src/fsm_automatic.o
 .debug_macro   0x0000000000016705       0x22 ./Core/Src/fsm_automatic.o
 .debug_macro   0x0000000000016727       0x10 ./Core/Src/fsm_automatic.o
 .debug_macro   0x0000000000016737       0x40 ./Core/Src/fsm_automatic.o
 .debug_macro   0x0000000000016777       0xd5 ./Core/Src/fsm_automatic.o
 .debug_macro   0x000000000001684c       0x1c ./Core/Src/fsm_automatic.o
 .debug_macro   0x0000000000016868       0x3d ./Core/Src/fsm_automatic.o
 .debug_macro   0x00000000000168a5       0x16 ./Core/Src/fsm_automatic.o
 .debug_macro   0x00000000000168bb      0x145 ./Core/Src/fsm_automatic.o
 .debug_macro   0x0000000000016a00       0xbd ./Core/Src/fsm_automatic.o
 .debug_macro   0x0000000000016abd       0x56 ./Core/Src/fsm_automatic.o
 .debug_macro   0x0000000000016b13       0x34 ./Core/Src/fsm_automatic.o
 .debug_macro   0x0000000000016b47      0x341 ./Core/Src/fsm_manual.o
 .debug_macro   0x0000000000016e88      0x337 ./Core/Src/global.o
 .debug_macro   0x00000000000171bf      0x1b2 ./Core/Src/main.o
 .debug_macro   0x0000000000017371       0x1b ./Core/Src/software_timer.o
 .debug_macro   0x000000000001738c      0x1b2 ./Core/Src/stm32f1xx_hal_msp.o
 .debug_macro   0x000000000001753e      0x1bc ./Core/Src/stm32f1xx_it.o
 .debug_macro   0x00000000000176fa      0x24c ./Core/Src/syscalls.o
 .debug_macro   0x0000000000017946       0x10 ./Core/Src/syscalls.o
 .debug_macro   0x0000000000017956       0x35 ./Core/Src/syscalls.o
 .debug_macro   0x000000000001798b       0x10 ./Core/Src/syscalls.o
 .debug_macro   0x000000000001799b       0x10 ./Core/Src/syscalls.o
 .debug_macro   0x00000000000179ab       0x35 ./Core/Src/syscalls.o
 .debug_macro   0x00000000000179e0      0x12c ./Core/Src/syscalls.o
 .debug_macro   0x0000000000017b0c       0x16 ./Core/Src/syscalls.o
 .debug_macro   0x0000000000017b22       0x16 ./Core/Src/syscalls.o
 .debug_macro   0x0000000000017b38       0x29 ./Core/Src/syscalls.o
 .debug_macro   0x0000000000017b61       0x10 ./Core/Src/syscalls.o
 .debug_macro   0x0000000000017b71      0x241 ./Core/Src/syscalls.o
 .debug_macro   0x0000000000017db2       0x1c ./Core/Src/syscalls.o
 .debug_macro   0x0000000000017dce       0x10 ./Core/Src/syscalls.o
 .debug_macro   0x0000000000017dde      0x189 ./Core/Src/syscalls.o
 .debug_macro   0x0000000000017f67       0x16 ./Core/Src/syscalls.o
 .debug_macro   0x0000000000017f7d       0xce ./Core/Src/syscalls.o
 .debug_macro   0x000000000001804b       0xff ./Core/Src/sysmem.o
 .debug_macro   0x000000000001814a      0x23b ./Core/Src/sysmem.o
 .debug_macro   0x0000000000018385      0x1a3 ./Core/Src/system_stm32f1xx.o
 .debug_macro   0x0000000000018528      0x1c7 ./Drivers/STM32F1xx_HAL_Driver/Src/stm32f1xx_hal.o
 .debug_macro   0x00000000000186ef      0x1a3 ./Drivers/STM32F1xx_HAL_Driver/Src/stm32f1xx_hal_cortex.o
 .debug_macro   0x0000000000018892      0x20e ./Drivers/STM32F1xx_HAL_Driver/Src/stm32f1xx_hal_gpio.o
 .debug_macro   0x0000000000018aa0      0x1b5 ./Drivers/STM32F1xx_HAL_Driver/Src/stm32f1xx_hal_rcc.o
 .debug_macro   0x0000000000018c55      0x1a4 ./Drivers/STM32F1xx_HAL_Driver/Src/stm32f1xx_hal_tim.o
 .debug_macro   0x0000000000018df9      0x1a3 ./Drivers/STM32F1xx_HAL_Driver/Src/stm32f1xx_hal_tim_ex.o
 .debug_macro   0x0000000000018f9c      0x1a4 ./Drivers/STM32F1xx_HAL_Driver/Src/stm32f1xx_hal_uart.o

.debug_line     0x0000000000000000     0xf11f
 .debug_line    0x0000000000000000      0x724 ./Core/Src/button.o
 .debug_line    0x0000000000000724      0xa09 ./Core/Src/fsm_automatic.o
 .debug_line    0x000000000000112d      0x9d2 ./Core/Src/fsm_manual.o
 .debug_line    0x0000000000001aff      0x986 ./Core/Src/global.o
 .debug_line    0x0000000000002485      0x890 ./Core/Src/main.o
 .debug_line    0x0000000000002d15       0xa0 ./Core/Src/software_timer.o
 .debug_line    0x0000000000002db5      0x763 ./Core/Src/stm32f1xx_hal_msp.o
 .debug_line    0x0000000000003518      0x763 ./Core/Src/stm32f1xx_it.o
 .debug_line    0x0000000000003c7b      0x811 ./Core/Src/syscalls.o
 .debug_line    0x000000000000448c      0x507 ./Core/Src/sysmem.o
 .debug_line    0x0000000000004993      0x707 ./Core/Src/system_stm32f1xx.o
 .debug_line    0x000000000000509a       0x86 ./Core/Startup/startup_stm32f103rbtx.o
 .debug_line    0x0000000000005120      0x934 ./Drivers/STM32F1xx_HAL_Driver/Src/stm32f1xx_hal.o
 .debug_line    0x0000000000005a54      0xb1c ./Drivers/STM32F1xx_HAL_Driver/Src/stm32f1xx_hal_cortex.o
 .debug_line    0x0000000000006570      0x9cd ./Drivers/STM32F1xx_HAL_Driver/Src/stm32f1xx_hal_gpio.o
 .debug_line    0x0000000000006f3d      0xd40 ./Drivers/STM32F1xx_HAL_Driver/Src/stm32f1xx_hal_rcc.o
 .debug_line    0x0000000000007c7d     0x33b3 ./Drivers/STM32F1xx_HAL_Driver/Src/stm32f1xx_hal_tim.o
 .debug_line    0x000000000000b030     0x188a ./Drivers/STM32F1xx_HAL_Driver/Src/stm32f1xx_hal_tim_ex.o
 .debug_line    0x000000000000c8ba     0x2865 ./Drivers/STM32F1xx_HAL_Driver/Src/stm32f1xx_hal_uart.o

.debug_str      0x0000000000000000    0x8c19a
 .debug_str     0x0000000000000000    0x8352a ./Core/Src/button.o
                                      0x8388e (size before relaxing)
 .debug_str     0x000000000008352a     0x4769 ./Core/Src/fsm_automatic.o
                                      0x880ad (size before relaxing)
 .debug_str     0x0000000000087c93       0x99 ./Core/Src/fsm_manual.o
                                      0x880f4 (size before relaxing)
 .debug_str     0x0000000000087d2c       0x92 ./Core/Src/global.o
                                      0x88104 (size before relaxing)
 .debug_str     0x0000000000087dbe      0x366 ./Core/Src/main.o
                                      0x84229 (size before relaxing)
 .debug_str     0x0000000000088124       0x3c ./Core/Src/software_timer.o
                                       0x2dc4 (size before relaxing)
 .debug_str     0x0000000000088160      0x332 ./Core/Src/stm32f1xx_hal_msp.o
                                      0x8427b (size before relaxing)
 .debug_str     0x0000000000088492       0xcd ./Core/Src/stm32f1xx_it.o
                                      0x83d0c (size before relaxing)
 .debug_str     0x000000000008855f     0x1757 ./Core/Src/syscalls.o
                                       0x8e73 (size before relaxing)
 .debug_str     0x0000000000089cb6       0x6b ./Core/Src/sysmem.o
                                       0x6246 (size before relaxing)
 .debug_str     0x0000000000089d21       0x52 ./Core/Src/system_stm32f1xx.o
                                      0x8369e (size before relaxing)
 .debug_str     0x0000000000089d73       0x36 ./Core/Startup/startup_stm32f103rbtx.o
                                         0x5a (size before relaxing)
 .debug_str     0x0000000000089da9      0x2ff ./Drivers/STM32F1xx_HAL_Driver/Src/stm32f1xx_hal.o
                                      0x83d2f (size before relaxing)
 .debug_str     0x000000000008a0a8      0x300 ./Drivers/STM32F1xx_HAL_Driver/Src/stm32f1xx_hal_cortex.o
                                      0x83d37 (size before relaxing)
 .debug_str     0x000000000008a3a8      0x324 ./Drivers/STM32F1xx_HAL_Driver/Src/stm32f1xx_hal_gpio.o
                                      0x83a62 (size before relaxing)
 .debug_str     0x000000000008a6cc      0x24f ./Drivers/STM32F1xx_HAL_Driver/Src/stm32f1xx_hal_rcc.o
                                      0x83a9b (size before relaxing)
 .debug_str     0x000000000008a91b      0xd73 ./Drivers/STM32F1xx_HAL_Driver/Src/stm32f1xx_hal_tim.o
                                      0x84a74 (size before relaxing)
 .debug_str     0x000000000008b68e      0x4ee ./Drivers/STM32F1xx_HAL_Driver/Src/stm32f1xx_hal_tim_ex.o
                                      0x84225 (size before relaxing)
 .debug_str     0x000000000008bb7c      0x61e ./Drivers/STM32F1xx_HAL_Driver/Src/stm32f1xx_hal_uart.o
                                      0x840f3 (size before relaxing)

.comment        0x0000000000000000       0x53
 .comment       0x0000000000000000       0x53 ./Core/Src/button.o
                                         0x54 (size before relaxing)
 .comment       0x0000000000000053       0x54 ./Core/Src/fsm_automatic.o
 .comment       0x0000000000000053       0x54 ./Core/Src/fsm_manual.o
 .comment       0x0000000000000053       0x54 ./Core/Src/global.o
 .comment       0x0000000000000053       0x54 ./Core/Src/main.o
 .comment       0x0000000000000053       0x54 ./Core/Src/software_timer.o
 .comment       0x0000000000000053       0x54 ./Core/Src/stm32f1xx_hal_msp.o
 .comment       0x0000000000000053       0x54 ./Core/Src/stm32f1xx_it.o
 .comment       0x0000000000000053       0x54 ./Core/Src/syscalls.o
 .comment       0x0000000000000053       0x54 ./Core/Src/sysmem.o
 .comment       0x0000000000000053       0x54 ./Core/Src/system_stm32f1xx.o
 .comment       0x0000000000000053       0x54 ./Drivers/STM32F1xx_HAL_Driver/Src/stm32f1xx_hal.o
 .comment       0x0000000000000053       0x54 ./Drivers/STM32F1xx_HAL_Driver/Src/stm32f1xx_hal_cortex.o
 .comment       0x0000000000000053       0x54 ./Drivers/STM32F1xx_HAL_Driver/Src/stm32f1xx_hal_gpio.o
 .comment       0x0000000000000053       0x54 ./Drivers/STM32F1xx_HAL_Driver/Src/stm32f1xx_hal_rcc.o
 .comment       0x0000000000000053       0x54 ./Drivers/STM32F1xx_HAL_Driver/Src/stm32f1xx_hal_tim.o
 .comment       0x0000000000000053       0x54 ./Drivers/STM32F1xx_HAL_Driver/Src/stm32f1xx_hal_tim_ex.o
 .comment       0x0000000000000053       0x54 ./Drivers/STM32F1xx_HAL_Driver/Src/stm32f1xx_hal_uart.o

.debug_frame    0x0000000000000000     0x3cdc
 .debug_frame   0x0000000000000000       0x84 ./Core/Src/button.o
 .debug_frame   0x0000000000000084       0x2c ./Core/Src/fsm_automatic.o
 .debug_frame   0x00000000000000b0       0x4c ./Core/Src/fsm_manual.o
 .debug_frame   0x00000000000000fc       0xe0 ./Core/Src/global.o
 .debug_frame   0x00000000000001dc      0x130 ./Core/Src/main.o
 .debug_frame   0x000000000000030c       0x60 ./Core/Src/software_timer.o
 .debug_frame   0x000000000000036c       0xec ./Core/Src/stm32f1xx_hal_msp.o
 .debug_frame   0x0000000000000458      0x120 ./Core/Src/stm32f1xx_it.o
 .debug_frame   0x0000000000000578      0x2ac ./Core/Src/syscalls.o
 .debug_frame   0x0000000000000824       0x34 ./Core/Src/sysmem.o
 .debug_frame   0x0000000000000858       0x58 ./Core/Src/system_stm32f1xx.o
 .debug_frame   0x00000000000008b0      0x334 ./Drivers/STM32F1xx_HAL_Driver/Src/stm32f1xx_hal.o
 .debug_frame   0x0000000000000be4      0x428 ./Drivers/STM32F1xx_HAL_Driver/Src/stm32f1xx_hal_cortex.o
 .debug_frame   0x000000000000100c      0x14c ./Drivers/STM32F1xx_HAL_Driver/Src/stm32f1xx_hal_gpio.o
 .debug_frame   0x0000000000001158      0x218 ./Drivers/STM32F1xx_HAL_Driver/Src/stm32f1xx_hal_rcc.o
 .debug_frame   0x0000000000001370     0x11bc ./Drivers/STM32F1xx_HAL_Driver/Src/stm32f1xx_hal_tim.o
 .debug_frame   0x000000000000252c      0x638 ./Drivers/STM32F1xx_HAL_Driver/Src/stm32f1xx_hal_tim_ex.o
 .debug_frame   0x0000000000002b64      0x944 ./Drivers/STM32F1xx_HAL_Driver/Src/stm32f1xx_hal_uart.o
 .debug_frame   0x00000000000034a8       0x20 d:/stm32/stm32cubeide_1.7.0/stm32cubeide/plugins/com.st.stm32cube.ide.mcu.externaltools.gnu-tools-for-stm32.9-2020-q2-update.win32_2.0.0.202105311346/tools/bin/../lib/gcc/arm-none-eabi/9.3.1/../../../../arm-none-eabi/lib/thumb/v7-m/nofp\libc_nano.a(lib_a-errno.o)
 .debug_frame   0x00000000000034c8       0x2c d:/stm32/stm32cubeide_1.7.0/stm32cubeide/plugins/com.st.stm32cube.ide.mcu.externaltools.gnu-tools-for-stm32.9-2020-q2-update.win32_2.0.0.202105311346/tools/bin/../lib/gcc/arm-none-eabi/9.3.1/../../../../arm-none-eabi/lib/thumb/v7-m/nofp\libc_nano.a(lib_a-init.o)
 .debug_frame   0x00000000000034f4       0x20 d:/stm32/stm32cubeide_1.7.0/stm32cubeide/plugins/com.st.stm32cube.ide.mcu.externaltools.gnu-tools-for-stm32.9-2020-q2-update.win32_2.0.0.202105311346/tools/bin/../lib/gcc/arm-none-eabi/9.3.1/../../../../arm-none-eabi/lib/thumb/v7-m/nofp\libc_nano.a(lib_a-memset.o)